[2025-02-22T19:06:44.058-0500][gc,init] CardTable entry size: 512
[2025-02-22T19:06:44.058-0500][gc     ] Using G1
[2025-02-22T19:06:44.059-0500][gc,init] Version: 20.0.2+9 (release)
[2025-02-22T19:06:44.059-0500][gc,init] CPUs: 8 total, 8 available
[2025-02-22T19:06:44.059-0500][gc,init] Memory: 16384M
[2025-02-22T19:06:44.059-0500][gc,init] Large Page Support: Disabled
[2025-02-22T19:06:44.059-0500][gc,init] NUMA Support: Disabled
[2025-02-22T19:06:44.059-0500][gc,init] Compressed Oops: Enabled (Zero based)
[2025-02-22T19:06:44.059-0500][gc,init] Heap Region Size: 1M
[2025-02-22T19:06:44.059-0500][gc,init] Heap Min Capacity: 1G
[2025-02-22T19:06:44.059-0500][gc,init] Heap Initial Capacity: 1G
[2025-02-22T19:06:44.059-0500][gc,init] Heap Max Capacity: 1G
[2025-02-22T19:06:44.059-0500][gc,init] Pre-touch: Disabled
[2025-02-22T19:06:44.059-0500][gc,init] Parallel Workers: 8
[2025-02-22T19:06:44.059-0500][gc,init] Concurrent Workers: 2
[2025-02-22T19:06:44.059-0500][gc,init] Concurrent Refinement Workers: 8
[2025-02-22T19:06:44.059-0500][gc,init] Periodic GC: Disabled
[2025-02-22T19:06:44.062-0500][gc,metaspace] CDS archive(s) mapped at: [0x000000a800000000-0x000000a800c80000-0x000000a800c80000), size 13107200, SharedBaseAddress: 0x000000a800000000, ArchiveRelocationMode: 1.
[2025-02-22T19:06:44.062-0500][gc,metaspace] Compressed class space mapped at: 0x000000a801000000-0x000000a841000000, reserved size: 1073741824
[2025-02-22T19:06:44.062-0500][gc,metaspace] Narrow klass base: 0x000000a800000000, Narrow klass shift: 0, Narrow klass range: 0x100000000
[2025-02-22T19:06:44.657-0500][gc,start    ] GC(0) Pause Young (Normal) (G1 Evacuation Pause)
[2025-02-22T19:06:44.657-0500][gc,task     ] GC(0) Using 8 workers of 8 for evacuation
[2025-02-22T19:06:44.660-0500][gc,phases   ] GC(0)   Pre Evacuate Collection Set: 0.2ms
[2025-02-22T19:06:44.660-0500][gc,phases   ] GC(0)   Merge Heap Roots: 0.0ms
[2025-02-22T19:06:44.660-0500][gc,phases   ] GC(0)   Evacuate Collection Set: 2.6ms
[2025-02-22T19:06:44.660-0500][gc,phases   ] GC(0)   Post Evacuate Collection Set: 0.4ms
[2025-02-22T19:06:44.660-0500][gc,phases   ] GC(0)   Other: 0.2ms
[2025-02-22T19:06:44.660-0500][gc,heap     ] GC(0) Eden regions: 51->0(44)
[2025-02-22T19:06:44.660-0500][gc,heap     ] GC(0) Survivor regions: 0->7(7)
[2025-02-22T19:06:44.660-0500][gc,heap     ] GC(0) Old regions: 0->1
[2025-02-22T19:06:44.660-0500][gc,heap     ] GC(0) Archive regions: 2->2
[2025-02-22T19:06:44.661-0500][gc,heap     ] GC(0) Humongous regions: 0->0
[2025-02-22T19:06:44.661-0500][gc,metaspace] GC(0) Metaspace: 17343K(17600K)->17343K(17600K) NonClass: 15310K(15488K)->15310K(15488K) Class: 2033K(2112K)->2033K(2112K)
[2025-02-22T19:06:44.661-0500][gc          ] GC(0) Pause Young (Normal) (G1 Evacuation Pause) 52M->8M(1024M) 3.535ms
[2025-02-22T19:06:44.661-0500][gc,cpu      ] GC(0) User=0.01s Sys=0.00s Real=0.01s
[2025-02-22T19:06:44.767-0500][gc,start    ] GC(1) Pause Young (Concurrent Start) (Metadata GC Threshold)
[2025-02-22T19:06:44.767-0500][gc,task     ] GC(1) Using 8 workers of 8 for evacuation
[2025-02-22T19:06:44.769-0500][gc,phases   ] GC(1)   Pre Evacuate Collection Set: 0.2ms
[2025-02-22T19:06:44.769-0500][gc,phases   ] GC(1)   Merge Heap Roots: 0.0ms
[2025-02-22T19:06:44.769-0500][gc,phases   ] GC(1)   Evacuate Collection Set: 1.8ms
[2025-02-22T19:06:44.769-0500][gc,phases   ] GC(1)   Post Evacuate Collection Set: 0.2ms
[2025-02-22T19:06:44.769-0500][gc,phases   ] GC(1)   Other: 0.0ms
[2025-02-22T19:06:44.769-0500][gc,heap     ] GC(1) Eden regions: 16->0(49)
[2025-02-22T19:06:44.769-0500][gc,heap     ] GC(1) Survivor regions: 7->2(7)
[2025-02-22T19:06:44.769-0500][gc,heap     ] GC(1) Old regions: 1->9
[2025-02-22T19:06:44.769-0500][gc,heap     ] GC(1) Archive regions: 2->2
[2025-02-22T19:06:44.769-0500][gc,heap     ] GC(1) Humongous regions: 0->0
[2025-02-22T19:06:44.769-0500][gc,metaspace] GC(1) Metaspace: 21263K(21504K)->21263K(21504K) NonClass: 18751K(18880K)->18751K(18880K) Class: 2512K(2624K)->2512K(2624K)
[2025-02-22T19:06:44.769-0500][gc          ] GC(1) Pause Young (Concurrent Start) (Metadata GC Threshold) 24M->10M(1024M) 2.477ms
[2025-02-22T19:06:44.769-0500][gc,cpu      ] GC(1) User=0.01s Sys=0.00s Real=0.00s
[2025-02-22T19:06:44.769-0500][gc          ] GC(2) Concurrent Mark Cycle
[2025-02-22T19:06:44.769-0500][gc,marking  ] GC(2) Concurrent Scan Root Regions
[2025-02-22T19:06:44.771-0500][gc,marking  ] GC(2) Concurrent Scan Root Regions 2.008ms
[2025-02-22T19:06:44.771-0500][gc,marking  ] GC(2) Concurrent Mark
[2025-02-22T19:06:44.771-0500][gc,marking  ] GC(2) Concurrent Mark From Roots
[2025-02-22T19:06:44.771-0500][gc,task     ] GC(2) Using 2 workers of 2 for marking
[2025-02-22T19:06:44.772-0500][gc,marking  ] GC(2) Concurrent Mark From Roots 0.721ms
[2025-02-22T19:06:44.772-0500][gc,marking  ] GC(2) Concurrent Preclean
[2025-02-22T19:06:44.772-0500][gc,marking  ] GC(2) Concurrent Preclean 0.005ms
[2025-02-22T19:06:44.772-0500][gc,start    ] GC(2) Pause Remark
[2025-02-22T19:06:44.773-0500][gc          ] GC(2) Pause Remark 11M->11M(1024M) 0.919ms
[2025-02-22T19:06:44.773-0500][gc,cpu      ] GC(2) User=0.01s Sys=0.00s Real=0.00s
[2025-02-22T19:06:44.773-0500][gc,marking  ] GC(2) Concurrent Mark 1.798ms
[2025-02-22T19:06:44.773-0500][gc,marking  ] GC(2) Concurrent Rebuild Remembered Sets and Scrub Regions
[2025-02-22T19:06:44.775-0500][gc,marking  ] GC(2) Concurrent Rebuild Remembered Sets and Scrub Regions 1.477ms
[2025-02-22T19:06:44.775-0500][gc,start    ] GC(2) Pause Cleanup
[2025-02-22T19:06:44.775-0500][gc          ] GC(2) Pause Cleanup 11M->11M(1024M) 0.081ms
[2025-02-22T19:06:44.775-0500][gc,cpu      ] GC(2) User=0.00s Sys=0.00s Real=0.00s
[2025-02-22T19:06:44.775-0500][gc,marking  ] GC(2) Concurrent Clear Claimed Marks
[2025-02-22T19:06:44.775-0500][gc,marking  ] GC(2) Concurrent Clear Claimed Marks 0.013ms
[2025-02-22T19:06:44.775-0500][gc,marking  ] GC(2) Concurrent Cleanup for Next Mark
[2025-02-22T19:06:44.776-0500][gc,marking  ] GC(2) Concurrent Cleanup for Next Mark 1.385ms
[2025-02-22T19:06:44.776-0500][gc          ] GC(2) Concurrent Mark Cycle 6.976ms
[2025-02-22T19:06:45.091-0500][gc,start    ] GC(3) Pause Young (Normal) (G1 Evacuation Pause)
[2025-02-22T19:06:45.091-0500][gc,task     ] GC(3) Using 8 workers of 8 for evacuation
[2025-02-22T19:06:45.093-0500][gc,phases   ] GC(3)   Pre Evacuate Collection Set: 0.1ms
[2025-02-22T19:06:45.093-0500][gc,phases   ] GC(3)   Merge Heap Roots: 0.0ms
[2025-02-22T19:06:45.093-0500][gc,phases   ] GC(3)   Evacuate Collection Set: 2.0ms
[2025-02-22T19:06:45.093-0500][gc,phases   ] GC(3)   Post Evacuate Collection Set: 0.2ms
[2025-02-22T19:06:45.093-0500][gc,phases   ] GC(3)   Other: 0.0ms
[2025-02-22T19:06:45.093-0500][gc,heap     ] GC(3) Eden regions: 49->0(45)
[2025-02-22T19:06:45.093-0500][gc,heap     ] GC(3) Survivor regions: 2->6(7)
[2025-02-22T19:06:45.093-0500][gc,heap     ] GC(3) Old regions: 9->9
[2025-02-22T19:06:45.093-0500][gc,heap     ] GC(3) Archive regions: 2->2
[2025-02-22T19:06:45.093-0500][gc,heap     ] GC(3) Humongous regions: 129->129
[2025-02-22T19:06:45.093-0500][gc,metaspace] GC(3) Metaspace: 32756K(33024K)->32756K(33024K) NonClass: 29203K(29376K)->29203K(29376K) Class: 3553K(3648K)->3553K(3648K)
[2025-02-22T19:06:45.093-0500][gc          ] GC(3) Pause Young (Normal) (G1 Evacuation Pause) 188M->144M(1024M) 2.450ms
[2025-02-22T19:06:45.093-0500][gc,cpu      ] GC(3) User=0.01s Sys=0.00s Real=0.00s
[2025-02-22T19:06:45.151-0500][gc,start    ] GC(4) Pause Young (Concurrent Start) (Metadata GC Threshold)
[2025-02-22T19:06:45.151-0500][gc,task     ] GC(4) Using 8 workers of 8 for evacuation
[2025-02-22T19:06:45.155-0500][gc,phases   ] GC(4)   Pre Evacuate Collection Set: 0.3ms
[2025-02-22T19:06:45.155-0500][gc,phases   ] GC(4)   Merge Heap Roots: 0.1ms
[2025-02-22T19:06:45.155-0500][gc,phases   ] GC(4)   Evacuate Collection Set: 3.4ms
[2025-02-22T19:06:45.155-0500][gc,phases   ] GC(4)   Post Evacuate Collection Set: 0.4ms
[2025-02-22T19:06:45.155-0500][gc,phases   ] GC(4)   Other: 0.1ms
[2025-02-22T19:06:45.155-0500][gc,heap     ] GC(4) Eden regions: 12->0(49)
[2025-02-22T19:06:45.155-0500][gc,heap     ] GC(4) Survivor regions: 6->2(7)
[2025-02-22T19:06:45.155-0500][gc,heap     ] GC(4) Old regions: 9->15
[2025-02-22T19:06:45.155-0500][gc,heap     ] GC(4) Archive regions: 2->2
[2025-02-22T19:06:45.155-0500][gc,heap     ] GC(4) Humongous regions: 129->129
[2025-02-22T19:06:45.155-0500][gc,metaspace] GC(4) Metaspace: 35690K(35968K)->35690K(35968K) NonClass: 31796K(31936K)->31796K(31936K) Class: 3893K(4032K)->3893K(4032K)
[2025-02-22T19:06:45.155-0500][gc          ] GC(4) Pause Young (Concurrent Start) (Metadata GC Threshold) 156M->145M(1024M) 4.375ms
[2025-02-22T19:06:45.155-0500][gc,cpu      ] GC(4) User=0.02s Sys=0.01s Real=0.00s
[2025-02-22T19:06:45.155-0500][gc          ] GC(5) Concurrent Mark Cycle
[2025-02-22T19:06:45.155-0500][gc,marking  ] GC(5) Concurrent Scan Root Regions
[2025-02-22T19:06:45.157-0500][gc,marking  ] GC(5) Concurrent Scan Root Regions 1.927ms
[2025-02-22T19:06:45.157-0500][gc,marking  ] GC(5) Concurrent Mark
[2025-02-22T19:06:45.157-0500][gc,marking  ] GC(5) Concurrent Mark From Roots
[2025-02-22T19:06:45.157-0500][gc,task     ] GC(5) Using 2 workers of 2 for marking
[2025-02-22T19:06:45.160-0500][gc,marking  ] GC(5) Concurrent Mark From Roots 2.597ms
[2025-02-22T19:06:45.160-0500][gc,marking  ] GC(5) Concurrent Preclean
[2025-02-22T19:06:45.160-0500][gc,marking  ] GC(5) Concurrent Preclean 0.033ms
[2025-02-22T19:06:45.160-0500][gc,start    ] GC(5) Pause Remark
[2025-02-22T19:06:45.161-0500][gc          ] GC(5) Pause Remark 146M->146M(1024M) 1.020ms
[2025-02-22T19:06:45.161-0500][gc,cpu      ] GC(5) User=0.01s Sys=0.00s Real=0.00s
[2025-02-22T19:06:45.161-0500][gc,marking  ] GC(5) Concurrent Mark 3.836ms
[2025-02-22T19:06:45.161-0500][gc,marking  ] GC(5) Concurrent Rebuild Remembered Sets and Scrub Regions
[2025-02-22T19:06:45.164-0500][gc,marking  ] GC(5) Concurrent Rebuild Remembered Sets and Scrub Regions 2.333ms
[2025-02-22T19:06:45.164-0500][gc,start    ] GC(5) Pause Cleanup
[2025-02-22T19:06:45.164-0500][gc          ] GC(5) Pause Cleanup 146M->146M(1024M) 0.139ms
[2025-02-22T19:06:45.164-0500][gc,cpu      ] GC(5) User=0.00s Sys=0.00s Real=0.00s
[2025-02-22T19:06:45.164-0500][gc,marking  ] GC(5) Concurrent Clear Claimed Marks
[2025-02-22T19:06:45.164-0500][gc,marking  ] GC(5) Concurrent Clear Claimed Marks 0.026ms
[2025-02-22T19:06:45.164-0500][gc,marking  ] GC(5) Concurrent Cleanup for Next Mark
[2025-02-22T19:06:45.165-0500][gc,marking  ] GC(5) Concurrent Cleanup for Next Mark 1.069ms
[2025-02-22T19:06:45.165-0500][gc          ] GC(5) Concurrent Mark Cycle 9.670ms
[2025-02-22T19:24:48.572-0500][gc,start    ] GC(6) Pause Young (Normal) (G1 Evacuation Pause)
[2025-02-22T19:24:48.572-0500][gc,task     ] GC(6) Using 8 workers of 8 for evacuation
[2025-02-22T19:24:48.575-0500][gc,phases   ] GC(6)   Pre Evacuate Collection Set: 0.4ms
[2025-02-22T19:24:48.575-0500][gc,phases   ] GC(6)   Merge Heap Roots: 0.1ms
[2025-02-22T19:24:48.575-0500][gc,phases   ] GC(6)   Evacuate Collection Set: 2.2ms
[2025-02-22T19:24:48.575-0500][gc,phases   ] GC(6)   Post Evacuate Collection Set: 0.3ms
[2025-02-22T19:24:48.575-0500][gc,phases   ] GC(6)   Other: 0.0ms
[2025-02-22T19:24:48.575-0500][gc,heap     ] GC(6) Eden regions: 49->0(47)
[2025-02-22T19:24:48.575-0500][gc,heap     ] GC(6) Survivor regions: 2->4(7)
[2025-02-22T19:24:48.575-0500][gc,heap     ] GC(6) Old regions: 15->15
[2025-02-22T19:24:48.575-0500][gc,heap     ] GC(6) Archive regions: 2->2
[2025-02-22T19:24:48.575-0500][gc,heap     ] GC(6) Humongous regions: 129->129
[2025-02-22T19:24:48.575-0500][gc,metaspace] GC(6) Metaspace: 42046K(42688K)->42046K(42688K) NonClass: 37103K(37504K)->37103K(37504K) Class: 4942K(5184K)->4942K(5184K)
[2025-02-22T19:24:48.575-0500][gc          ] GC(6) Pause Young (Normal) (G1 Evacuation Pause) 194M->148M(1024M) 3.182ms
[2025-02-22T19:24:48.575-0500][gc,cpu      ] GC(6) User=0.01s Sys=0.01s Real=0.00s
[2025-02-22T19:37:37.340-0500][gc,start    ] GC(7) Pause Young (Normal) (G1 Evacuation Pause)
[2025-02-22T19:37:37.341-0500][gc,task     ] GC(7) Using 8 workers of 8 for evacuation
[2025-02-22T19:37:37.354-0500][gc,phases   ] GC(7)   Pre Evacuate Collection Set: 1.5ms
[2025-02-22T19:37:37.354-0500][gc,phases   ] GC(7)   Merge Heap Roots: 0.2ms
[2025-02-22T19:37:37.354-0500][gc,phases   ] GC(7)   Evacuate Collection Set: 10.1ms
[2025-02-22T19:37:37.354-0500][gc,phases   ] GC(7)   Post Evacuate Collection Set: 0.8ms
[2025-02-22T19:37:37.354-0500][gc,phases   ] GC(7)   Other: 0.2ms
[2025-02-22T19:37:37.354-0500][gc,heap     ] GC(7) Eden regions: 47->0(46)
[2025-02-22T19:37:37.354-0500][gc,heap     ] GC(7) Survivor regions: 4->5(7)
[2025-02-22T19:37:37.354-0500][gc,heap     ] GC(7) Old regions: 15->16
[2025-02-22T19:37:37.354-0500][gc,heap     ] GC(7) Archive regions: 2->2
[2025-02-22T19:37:37.354-0500][gc,heap     ] GC(7) Humongous regions: 129->129
[2025-02-22T19:37:37.354-0500][gc,metaspace] GC(7) Metaspace: 43872K(44544K)->43872K(44544K) NonClass: 38771K(39168K)->38771K(39168K) Class: 5100K(5376K)->5100K(5376K)
[2025-02-22T19:37:37.354-0500][gc          ] GC(7) Pause Young (Normal) (G1 Evacuation Pause) 195M->150M(1024M) 13.433ms
[2025-02-22T19:37:37.354-0500][gc,cpu      ] GC(7) User=0.03s Sys=0.03s Real=0.01s
[2025-02-22T19:50:54.731-0500][gc,start    ] GC(8) Pause Young (Normal) (G1 Evacuation Pause)
[2025-02-22T19:50:54.732-0500][gc,task     ] GC(8) Using 8 workers of 8 for evacuation
[2025-02-22T19:50:54.761-0500][gc,mmu      ] GC(8) MMU target violated: 21.0ms (20.0ms/21.0ms)
[2025-02-22T19:50:54.761-0500][gc,phases   ] GC(8)   Pre Evacuate Collection Set: 1.3ms
[2025-02-22T19:50:54.761-0500][gc,phases   ] GC(8)   Merge Heap Roots: 0.1ms
[2025-02-22T19:50:54.761-0500][gc,phases   ] GC(8)   Evacuate Collection Set: 26.1ms
[2025-02-22T19:50:54.761-0500][gc,phases   ] GC(8)   Post Evacuate Collection Set: 0.6ms
[2025-02-22T19:50:54.761-0500][gc,phases   ] GC(8)   Other: 0.3ms
[2025-02-22T19:50:54.761-0500][gc,heap     ] GC(8) Eden regions: 46->0(47)
[2025-02-22T19:50:54.761-0500][gc,heap     ] GC(8) Survivor regions: 5->4(7)
[2025-02-22T19:50:54.761-0500][gc,heap     ] GC(8) Old regions: 16->19
[2025-02-22T19:50:54.761-0500][gc,heap     ] GC(8) Archive regions: 2->2
[2025-02-22T19:50:54.761-0500][gc,heap     ] GC(8) Humongous regions: 129->129
[2025-02-22T19:50:54.761-0500][gc,metaspace] GC(8) Metaspace: 44024K(44672K)->44024K(44672K) NonClass: 38924K(39296K)->38924K(39296K) Class: 5100K(5376K)->5100K(5376K)
[2025-02-22T19:50:54.761-0500][gc          ] GC(8) Pause Young (Normal) (G1 Evacuation Pause) 196M->151M(1024M) 30.143ms
[2025-02-22T19:50:54.761-0500][gc,cpu      ] GC(8) User=0.03s Sys=0.06s Real=0.03s
[2025-02-22T20:15:29.319-0500][gc,start    ] GC(9) Pause Young (Normal) (G1 Evacuation Pause)
[2025-02-22T20:15:29.321-0500][gc,task     ] GC(9) Using 8 workers of 8 for evacuation
[2025-02-22T20:15:29.332-0500][gc,phases   ] GC(9)   Pre Evacuate Collection Set: 1.6ms
[2025-02-22T20:15:29.332-0500][gc,phases   ] GC(9)   Merge Heap Roots: 0.2ms
[2025-02-22T20:15:29.332-0500][gc,phases   ] GC(9)   Evacuate Collection Set: 8.6ms
[2025-02-22T20:15:29.332-0500][gc,phases   ] GC(9)   Post Evacuate Collection Set: 0.5ms
[2025-02-22T20:15:29.332-0500][gc,phases   ] GC(9)   Other: 0.2ms
[2025-02-22T20:15:29.332-0500][gc,heap     ] GC(9) Eden regions: 47->0(47)
[2025-02-22T20:15:29.332-0500][gc,heap     ] GC(9) Survivor regions: 4->4(7)
[2025-02-22T20:15:29.332-0500][gc,heap     ] GC(9) Old regions: 19->19
[2025-02-22T20:15:29.332-0500][gc,heap     ] GC(9) Archive regions: 2->2
[2025-02-22T20:15:29.332-0500][gc,heap     ] GC(9) Humongous regions: 129->129
[2025-02-22T20:15:29.332-0500][gc,metaspace] GC(9) Metaspace: 44104K(44736K)->44104K(44736K) NonClass: 39003K(39360K)->39003K(39360K) Class: 5100K(5376K)->5100K(5376K)
[2025-02-22T20:15:29.333-0500][gc          ] GC(9) Pause Young (Normal) (G1 Evacuation Pause) 198M->151M(1024M) 13.216ms
[2025-02-22T20:15:29.333-0500][gc,cpu      ] GC(9) User=0.02s Sys=0.02s Real=0.02s
[2025-02-22T20:27:31.305-0500][gc,start    ] GC(10) Pause Young (Normal) (G1 Evacuation Pause)
[2025-02-22T20:27:31.306-0500][gc,task     ] GC(10) Using 8 workers of 8 for evacuation
[2025-02-22T20:27:31.315-0500][gc,phases   ] GC(10)   Pre Evacuate Collection Set: 0.7ms
[2025-02-22T20:27:31.315-0500][gc,phases   ] GC(10)   Merge Heap Roots: 0.1ms
[2025-02-22T20:27:31.316-0500][gc,phases   ] GC(10)   Evacuate Collection Set: 8.2ms
[2025-02-22T20:27:31.316-0500][gc,phases   ] GC(10)   Post Evacuate Collection Set: 0.5ms
[2025-02-22T20:27:31.316-0500][gc,phases   ] GC(10)   Other: 0.1ms
[2025-02-22T20:27:31.316-0500][gc,heap     ] GC(10) Eden regions: 47->0(47)
[2025-02-22T20:27:31.316-0500][gc,heap     ] GC(10) Survivor regions: 4->4(7)
[2025-02-22T20:27:31.316-0500][gc,heap     ] GC(10) Old regions: 19->19
[2025-02-22T20:27:31.316-0500][gc,heap     ] GC(10) Archive regions: 2->2
[2025-02-22T20:27:31.316-0500][gc,heap     ] GC(10) Humongous regions: 129->129
[2025-02-22T20:27:31.316-0500][gc,metaspace] GC(10) Metaspace: 44178K(44864K)->44178K(44864K) NonClass: 39073K(39488K)->39073K(39488K) Class: 5104K(5376K)->5104K(5376K)
[2025-02-22T20:27:31.316-0500][gc          ] GC(10) Pause Young (Normal) (G1 Evacuation Pause) 198M->151M(1024M) 10.552ms
[2025-02-22T20:27:31.316-0500][gc,cpu      ] GC(10) User=0.02s Sys=0.01s Real=0.01s
[2025-02-22T20:37:20.020-0500][gc,start    ] GC(11) Pause Young (Normal) (G1 Evacuation Pause)
[2025-02-22T20:37:20.021-0500][gc,task     ] GC(11) Using 8 workers of 8 for evacuation
[2025-02-22T20:37:20.034-0500][gc,phases   ] GC(11)   Pre Evacuate Collection Set: 1.3ms
[2025-02-22T20:37:20.034-0500][gc,phases   ] GC(11)   Merge Heap Roots: 0.2ms
[2025-02-22T20:37:20.034-0500][gc,phases   ] GC(11)   Evacuate Collection Set: 11.0ms
[2025-02-22T20:37:20.034-0500][gc,phases   ] GC(11)   Post Evacuate Collection Set: 0.7ms
[2025-02-22T20:37:20.034-0500][gc,phases   ] GC(11)   Other: 0.3ms
[2025-02-22T20:37:20.034-0500][gc,heap     ] GC(11) Eden regions: 47->0(47)
[2025-02-22T20:37:20.034-0500][gc,heap     ] GC(11) Survivor regions: 4->4(7)
[2025-02-22T20:37:20.034-0500][gc,heap     ] GC(11) Old regions: 19->19
[2025-02-22T20:37:20.034-0500][gc,heap     ] GC(11) Archive regions: 2->2
[2025-02-22T20:37:20.034-0500][gc,heap     ] GC(11) Humongous regions: 129->129
[2025-02-22T20:37:20.034-0500][gc,metaspace] GC(11) Metaspace: 44264K(44928K)->44264K(44928K) NonClass: 39157K(39552K)->39157K(39552K) Class: 5106K(5376K)->5106K(5376K)
[2025-02-22T20:37:20.034-0500][gc          ] GC(11) Pause Young (Normal) (G1 Evacuation Pause) 198M->151M(1024M) 14.945ms
[2025-02-22T20:37:20.035-0500][gc,cpu      ] GC(11) User=0.02s Sys=0.03s Real=0.01s
[2025-02-22T20:46:46.566-0500][gc,start    ] GC(12) Pause Young (Normal) (G1 Evacuation Pause)
[2025-02-22T20:46:46.567-0500][gc,task     ] GC(12) Using 8 workers of 8 for evacuation
[2025-02-22T20:46:46.581-0500][gc,phases   ] GC(12)   Pre Evacuate Collection Set: 1.1ms
[2025-02-22T20:46:46.581-0500][gc,phases   ] GC(12)   Merge Heap Roots: 0.2ms
[2025-02-22T20:46:46.581-0500][gc,phases   ] GC(12)   Evacuate Collection Set: 12.0ms
[2025-02-22T20:46:46.581-0500][gc,phases   ] GC(12)   Post Evacuate Collection Set: 0.6ms
[2025-02-22T20:46:46.581-0500][gc,phases   ] GC(12)   Other: 0.3ms
[2025-02-22T20:46:46.582-0500][gc,heap     ] GC(12) Eden regions: 47->0(51)
[2025-02-22T20:46:46.582-0500][gc,heap     ] GC(12) Survivor regions: 4->4(7)
[2025-02-22T20:46:46.582-0500][gc,heap     ] GC(12) Old regions: 19->19
[2025-02-22T20:46:46.582-0500][gc,heap     ] GC(12) Archive regions: 2->2
[2025-02-22T20:46:46.582-0500][gc,heap     ] GC(12) Humongous regions: 129->129
[2025-02-22T20:46:46.582-0500][gc,metaspace] GC(12) Metaspace: 44314K(44928K)->44314K(44928K) NonClass: 39207K(39552K)->39207K(39552K) Class: 5106K(5376K)->5106K(5376K)
[2025-02-22T20:46:46.582-0500][gc          ] GC(12) Pause Young (Normal) (G1 Evacuation Pause) 198M->151M(1024M) 15.960ms
[2025-02-22T20:46:46.582-0500][gc,cpu      ] GC(12) User=0.03s Sys=0.05s Real=0.02s
