[2025-02-22T18:19:38.308-0500][gc,init] CardTable entry size: 512
[2025-02-22T18:19:38.308-0500][gc     ] Using G1
[2025-02-22T18:19:38.309-0500][gc,init] Version: 20.0.2+9 (release)
[2025-02-22T18:19:38.309-0500][gc,init] CPUs: 8 total, 8 available
[2025-02-22T18:19:38.309-0500][gc,init] Memory: 16384M
[2025-02-22T18:19:38.309-0500][gc,init] Large Page Support: Disabled
[2025-02-22T18:19:38.309-0500][gc,init] NUMA Support: Disabled
[2025-02-22T18:19:38.309-0500][gc,init] Compressed Oops: Enabled (Zero based)
[2025-02-22T18:19:38.309-0500][gc,init] Heap Region Size: 1M
[2025-02-22T18:19:38.309-0500][gc,init] Heap Min Capacity: 1G
[2025-02-22T18:19:38.309-0500][gc,init] Heap Initial Capacity: 1G
[2025-02-22T18:19:38.309-0500][gc,init] Heap Max Capacity: 1G
[2025-02-22T18:19:38.309-0500][gc,init] Pre-touch: Disabled
[2025-02-22T18:19:38.309-0500][gc,init] Parallel Workers: 8
[2025-02-22T18:19:38.309-0500][gc,init] Concurrent Workers: 2
[2025-02-22T18:19:38.309-0500][gc,init] Concurrent Refinement Workers: 8
[2025-02-22T18:19:38.309-0500][gc,init] Periodic GC: Disabled
[2025-02-22T18:19:38.312-0500][gc,metaspace] CDS archive(s) mapped at: [0x0000007000000000-0x0000007000c80000-0x0000007000c80000), size 13107200, SharedBaseAddress: 0x0000007000000000, ArchiveRelocationMode: 1.
[2025-02-22T18:19:38.312-0500][gc,metaspace] Compressed class space mapped at: 0x0000007001000000-0x0000007041000000, reserved size: 1073741824
[2025-02-22T18:19:38.312-0500][gc,metaspace] Narrow klass base: 0x0000007000000000, Narrow klass shift: 0, Narrow klass range: 0x100000000
[2025-02-22T18:19:38.910-0500][gc,start    ] GC(0) Pause Young (Normal) (G1 Evacuation Pause)
[2025-02-22T18:19:38.910-0500][gc,task     ] GC(0) Using 8 workers of 8 for evacuation
[2025-02-22T18:19:38.913-0500][gc,phases   ] GC(0)   Pre Evacuate Collection Set: 0.1ms
[2025-02-22T18:19:38.914-0500][gc,phases   ] GC(0)   Merge Heap Roots: 0.5ms
[2025-02-22T18:19:38.914-0500][gc,phases   ] GC(0)   Evacuate Collection Set: 2.5ms
[2025-02-22T18:19:38.914-0500][gc,phases   ] GC(0)   Post Evacuate Collection Set: 0.3ms
[2025-02-22T18:19:38.914-0500][gc,phases   ] GC(0)   Other: 0.2ms
[2025-02-22T18:19:38.914-0500][gc,heap     ] GC(0) Eden regions: 51->0(44)
[2025-02-22T18:19:38.914-0500][gc,heap     ] GC(0) Survivor regions: 0->7(7)
[2025-02-22T18:19:38.914-0500][gc,heap     ] GC(0) Old regions: 0->2
[2025-02-22T18:19:38.914-0500][gc,heap     ] GC(0) Archive regions: 2->2
[2025-02-22T18:19:38.914-0500][gc,heap     ] GC(0) Humongous regions: 0->0
[2025-02-22T18:19:38.914-0500][gc,metaspace] GC(0) Metaspace: 17710K(17984K)->17710K(17984K) NonClass: 15632K(15808K)->15632K(15808K) Class: 2078K(2176K)->2078K(2176K)
[2025-02-22T18:19:38.914-0500][gc          ] GC(0) Pause Young (Normal) (G1 Evacuation Pause) 52M->9M(1024M) 3.843ms
[2025-02-22T18:19:38.914-0500][gc,cpu      ] GC(0) User=0.01s Sys=0.00s Real=0.00s
[2025-02-22T18:19:39.007-0500][gc,start    ] GC(1) Pause Young (Concurrent Start) (Metadata GC Threshold)
[2025-02-22T18:19:39.010-0500][gc,task     ] GC(1) Using 8 workers of 8 for evacuation
[2025-02-22T18:19:39.012-0500][gc,phases   ] GC(1)   Pre Evacuate Collection Set: 0.2ms
[2025-02-22T18:19:39.012-0500][gc,phases   ] GC(1)   Merge Heap Roots: 0.0ms
[2025-02-22T18:19:39.012-0500][gc,phases   ] GC(1)   Evacuate Collection Set: 1.9ms
[2025-02-22T18:19:39.012-0500][gc,phases   ] GC(1)   Post Evacuate Collection Set: 0.2ms
[2025-02-22T18:19:39.012-0500][gc,phases   ] GC(1)   Other: 0.0ms
[2025-02-22T18:19:39.012-0500][gc,heap     ] GC(1) Eden regions: 15->0(50)
[2025-02-22T18:19:39.012-0500][gc,heap     ] GC(1) Survivor regions: 7->1(7)
[2025-02-22T18:19:39.012-0500][gc,heap     ] GC(1) Old regions: 2->9
[2025-02-22T18:19:39.012-0500][gc,heap     ] GC(1) Archive regions: 2->2
[2025-02-22T18:19:39.012-0500][gc,heap     ] GC(1) Humongous regions: 0->0
[2025-02-22T18:19:39.013-0500][gc,metaspace] GC(1) Metaspace: 21275K(21504K)->21275K(21504K) NonClass: 18765K(18880K)->18765K(18880K) Class: 2510K(2624K)->2510K(2624K)
[2025-02-22T18:19:39.013-0500][gc          ] GC(1) Pause Young (Concurrent Start) (Metadata GC Threshold) 23M->10M(1024M) 5.177ms
[2025-02-22T18:19:39.013-0500][gc          ] GC(2) Concurrent Mark Cycle
[2025-02-22T18:19:39.013-0500][gc,cpu      ] GC(1) User=0.01s Sys=0.00s Real=0.01s
[2025-02-22T18:19:39.013-0500][gc,marking  ] GC(2) Concurrent Scan Root Regions
[2025-02-22T18:19:39.013-0500][gc,marking  ] GC(2) Concurrent Scan Root Regions 0.942ms
[2025-02-22T18:19:39.014-0500][gc,marking  ] GC(2) Concurrent Mark
[2025-02-22T18:19:39.014-0500][gc,marking  ] GC(2) Concurrent Mark From Roots
[2025-02-22T18:19:39.014-0500][gc,task     ] GC(2) Using 2 workers of 2 for marking
[2025-02-22T18:19:39.015-0500][gc,marking  ] GC(2) Concurrent Mark From Roots 1.105ms
[2025-02-22T18:19:39.015-0500][gc,marking  ] GC(2) Concurrent Preclean
[2025-02-22T18:19:39.015-0500][gc,marking  ] GC(2) Concurrent Preclean 0.007ms
[2025-02-22T18:19:39.015-0500][gc,start    ] GC(2) Pause Remark
[2025-02-22T18:19:39.016-0500][gc          ] GC(2) Pause Remark 10M->10M(1024M) 0.850ms
[2025-02-22T18:19:39.016-0500][gc,cpu      ] GC(2) User=0.01s Sys=0.00s Real=0.00s
[2025-02-22T18:19:39.016-0500][gc,marking  ] GC(2) Concurrent Mark 2.104ms
[2025-02-22T18:19:39.016-0500][gc,marking  ] GC(2) Concurrent Rebuild Remembered Sets and Scrub Regions
[2025-02-22T18:19:39.017-0500][gc,marking  ] GC(2) Concurrent Rebuild Remembered Sets and Scrub Regions 1.139ms
[2025-02-22T18:19:39.017-0500][gc,start    ] GC(2) Pause Cleanup
[2025-02-22T18:19:39.017-0500][gc          ] GC(2) Pause Cleanup 10M->10M(1024M) 0.082ms
[2025-02-22T18:19:39.017-0500][gc,cpu      ] GC(2) User=0.00s Sys=0.00s Real=0.00s
[2025-02-22T18:19:39.017-0500][gc,marking  ] GC(2) Concurrent Clear Claimed Marks
[2025-02-22T18:19:39.017-0500][gc,marking  ] GC(2) Concurrent Clear Claimed Marks 0.014ms
[2025-02-22T18:19:39.017-0500][gc,marking  ] GC(2) Concurrent Cleanup for Next Mark
[2025-02-22T18:19:39.018-0500][gc,marking  ] GC(2) Concurrent Cleanup for Next Mark 1.088ms
[2025-02-22T18:19:39.018-0500][gc          ] GC(2) Concurrent Mark Cycle 5.568ms
[2025-02-22T18:19:39.304-0500][gc,start    ] GC(3) Pause Young (Normal) (G1 Evacuation Pause)
[2025-02-22T18:19:39.304-0500][gc,task     ] GC(3) Using 8 workers of 8 for evacuation
[2025-02-22T18:19:39.306-0500][gc,phases   ] GC(3)   Pre Evacuate Collection Set: 0.1ms
[2025-02-22T18:19:39.306-0500][gc,phases   ] GC(3)   Merge Heap Roots: 0.0ms
[2025-02-22T18:19:39.306-0500][gc,phases   ] GC(3)   Evacuate Collection Set: 2.2ms
[2025-02-22T18:19:39.306-0500][gc,phases   ] GC(3)   Post Evacuate Collection Set: 0.2ms
[2025-02-22T18:19:39.306-0500][gc,phases   ] GC(3)   Other: 0.0ms
[2025-02-22T18:19:39.306-0500][gc,heap     ] GC(3) Eden regions: 50->0(44)
[2025-02-22T18:19:39.306-0500][gc,heap     ] GC(3) Survivor regions: 1->7(7)
[2025-02-22T18:19:39.306-0500][gc,heap     ] GC(3) Old regions: 9->9
[2025-02-22T18:19:39.306-0500][gc,heap     ] GC(3) Archive regions: 2->2
[2025-02-22T18:19:39.306-0500][gc,heap     ] GC(3) Humongous regions: 129->129
[2025-02-22T18:19:39.306-0500][gc,metaspace] GC(3) Metaspace: 33135K(33408K)->33135K(33408K) NonClass: 29542K(29696K)->29542K(29696K) Class: 3593K(3712K)->3593K(3712K)
[2025-02-22T18:19:39.306-0500][gc          ] GC(3) Pause Young (Normal) (G1 Evacuation Pause) 189M->144M(1024M) 2.730ms
[2025-02-22T18:19:39.306-0500][gc,cpu      ] GC(3) User=0.01s Sys=0.01s Real=0.00s
[2025-02-22T18:19:39.338-0500][gc,start    ] GC(4) Pause Young (Concurrent Start) (Metadata GC Threshold)
[2025-02-22T18:19:39.338-0500][gc,task     ] GC(4) Using 8 workers of 8 for evacuation
[2025-02-22T18:19:39.340-0500][gc,phases   ] GC(4)   Pre Evacuate Collection Set: 0.2ms
[2025-02-22T18:19:39.340-0500][gc,phases   ] GC(4)   Merge Heap Roots: 0.0ms
[2025-02-22T18:19:39.340-0500][gc,phases   ] GC(4)   Evacuate Collection Set: 2.4ms
[2025-02-22T18:19:39.340-0500][gc,phases   ] GC(4)   Post Evacuate Collection Set: 0.2ms
[2025-02-22T18:19:39.341-0500][gc,phases   ] GC(4)   Other: 0.0ms
[2025-02-22T18:19:39.341-0500][gc,heap     ] GC(4) Eden regions: 10->0(50)
[2025-02-22T18:19:39.341-0500][gc,heap     ] GC(4) Survivor regions: 7->1(7)
[2025-02-22T18:19:39.341-0500][gc,heap     ] GC(4) Old regions: 9->15
[2025-02-22T18:19:39.341-0500][gc,heap     ] GC(4) Archive regions: 2->2
[2025-02-22T18:19:39.341-0500][gc,heap     ] GC(4) Humongous regions: 129->129
[2025-02-22T18:19:39.341-0500][gc,metaspace] GC(4) Metaspace: 35699K(35968K)->35699K(35968K) NonClass: 31808K(31936K)->31808K(31936K) Class: 3891K(4032K)->3891K(4032K)
[2025-02-22T18:19:39.341-0500][gc          ] GC(4) Pause Young (Concurrent Start) (Metadata GC Threshold) 154M->145M(1024M) 2.916ms
[2025-02-22T18:19:39.341-0500][gc          ] GC(5) Concurrent Mark Cycle
[2025-02-22T18:19:39.341-0500][gc,cpu      ] GC(4) User=0.01s Sys=0.00s Real=0.01s
[2025-02-22T18:19:39.341-0500][gc,marking  ] GC(5) Concurrent Scan Root Regions
[2025-02-22T18:19:39.342-0500][gc,marking  ] GC(5) Concurrent Scan Root Regions 1.579ms
[2025-02-22T18:19:39.342-0500][gc,marking  ] GC(5) Concurrent Mark
[2025-02-22T18:19:39.342-0500][gc,marking  ] GC(5) Concurrent Mark From Roots
[2025-02-22T18:19:39.342-0500][gc,task     ] GC(5) Using 2 workers of 2 for marking
[2025-02-22T18:19:39.345-0500][gc,marking  ] GC(5) Concurrent Mark From Roots 2.969ms
[2025-02-22T18:19:39.345-0500][gc,marking  ] GC(5) Concurrent Preclean
[2025-02-22T18:19:39.345-0500][gc,marking  ] GC(5) Concurrent Preclean 0.032ms
[2025-02-22T18:19:39.345-0500][gc,start    ] GC(5) Pause Remark
[2025-02-22T18:19:39.346-0500][gc          ] GC(5) Pause Remark 146M->146M(1024M) 1.063ms
[2025-02-22T18:19:39.346-0500][gc,cpu      ] GC(5) User=0.01s Sys=0.00s Real=0.00s
[2025-02-22T18:19:39.346-0500][gc,marking  ] GC(5) Concurrent Mark 4.248ms
[2025-02-22T18:19:39.346-0500][gc,marking  ] GC(5) Concurrent Rebuild Remembered Sets and Scrub Regions
[2025-02-22T18:19:39.349-0500][gc,marking  ] GC(5) Concurrent Rebuild Remembered Sets and Scrub Regions 2.567ms
[2025-02-22T18:19:39.349-0500][gc,start    ] GC(5) Pause Cleanup
[2025-02-22T18:19:39.349-0500][gc          ] GC(5) Pause Cleanup 146M->146M(1024M) 0.077ms
[2025-02-22T18:19:39.349-0500][gc,cpu      ] GC(5) User=0.00s Sys=0.00s Real=0.00s
[2025-02-22T18:19:39.349-0500][gc,marking  ] GC(5) Concurrent Clear Claimed Marks
[2025-02-22T18:19:39.349-0500][gc,marking  ] GC(5) Concurrent Clear Claimed Marks 0.030ms
[2025-02-22T18:19:39.349-0500][gc,marking  ] GC(5) Concurrent Cleanup for Next Mark
[2025-02-22T18:19:39.350-0500][gc,marking  ] GC(5) Concurrent Cleanup for Next Mark 0.848ms
[2025-02-22T18:19:39.350-0500][gc          ] GC(5) Concurrent Mark Cycle 9.579ms
[2025-02-22T18:19:39.545-0500][gc,heap,exit] Heap
[2025-02-22T18:19:39.545-0500][gc,heap,exit]  garbage-first heap   total 1048576K, used 163644K [0x00000007c0000000, 0x0000000800000000)
[2025-02-22T18:19:39.545-0500][gc,heap,exit]   region size 1024K, 16 young (16384K), 1 survivors (1024K)
[2025-02-22T18:19:39.545-0500][gc,heap,exit]  Metaspace       used 37442K, committed 37760K, reserved 1114112K
[2025-02-22T18:19:39.545-0500][gc,heap,exit]   class space    used 4175K, committed 4352K, reserved 1048576K
