[2025-02-22T19:06:40.994-0500][gc,init] CardTable entry size: 512
[2025-02-22T19:06:40.994-0500][gc     ] Using G1
[2025-02-22T19:06:40.995-0500][gc,init] Version: 20.0.2+9 (release)
[2025-02-22T19:06:40.995-0500][gc,init] CPUs: 8 total, 8 available
[2025-02-22T19:06:40.995-0500][gc,init] Memory: 16384M
[2025-02-22T19:06:40.995-0500][gc,init] Large Page Support: Disabled
[2025-02-22T19:06:40.995-0500][gc,init] NUMA Support: Disabled
[2025-02-22T19:06:40.995-0500][gc,init] Compressed Oops: Enabled (Zero based)
[2025-02-22T19:06:40.995-0500][gc,init] Heap Region Size: 1M
[2025-02-22T19:06:40.995-0500][gc,init] Heap Min Capacity: 1G
[2025-02-22T19:06:40.995-0500][gc,init] Heap Initial Capacity: 1G
[2025-02-22T19:06:40.995-0500][gc,init] Heap Max Capacity: 1G
[2025-02-22T19:06:40.995-0500][gc,init] Pre-touch: Disabled
[2025-02-22T19:06:40.995-0500][gc,init] Parallel Workers: 8
[2025-02-22T19:06:40.995-0500][gc,init] Concurrent Workers: 2
[2025-02-22T19:06:40.995-0500][gc,init] Concurrent Refinement Workers: 8
[2025-02-22T19:06:40.995-0500][gc,init] Periodic GC: Disabled
[2025-02-22T19:06:40.998-0500][gc,metaspace] CDS archive(s) mapped at: [0x0000000400000000-0x0000000400c80000-0x0000000400c80000), size 13107200, SharedBaseAddress: 0x0000000400000000, ArchiveRelocationMode: 1.
[2025-02-22T19:06:40.998-0500][gc,metaspace] Compressed class space mapped at: 0x0000000401000000-0x0000000441000000, reserved size: 1073741824
[2025-02-22T19:06:40.998-0500][gc,metaspace] Narrow klass base: 0x0000000400000000, Narrow klass shift: 0, Narrow klass range: 0x100000000
[2025-02-22T19:06:41.305-0500][gc,heap,exit] Heap
[2025-02-22T19:06:41.305-0500][gc,heap,exit]  garbage-first heap   total 1048576K, used 28706K [0x00000007c0000000, 0x0000000800000000)
[2025-02-22T19:06:41.305-0500][gc,heap,exit]   region size 1024K, 28 young (28672K), 0 survivors (0K)
[2025-02-22T19:06:41.305-0500][gc,heap,exit]  Metaspace       used 9887K, committed 10112K, reserved 1114112K
[2025-02-22T19:06:41.305-0500][gc,heap,exit]   class space    used 1155K, committed 1280K, reserved 1048576K
