[2025-02-22T18:25:01.506-0500][gc,init] CardTable entry size: 512
[2025-02-22T18:25:01.506-0500][gc     ] Using G1
[2025-02-22T18:25:01.507-0500][gc,init] Version: 20.0.2+9 (release)
[2025-02-22T18:25:01.507-0500][gc,init] CPUs: 8 total, 8 available
[2025-02-22T18:25:01.507-0500][gc,init] Memory: 16384M
[2025-02-22T18:25:01.507-0500][gc,init] Large Page Support: Disabled
[2025-02-22T18:25:01.507-0500][gc,init] NUMA Support: Disabled
[2025-02-22T18:25:01.507-0500][gc,init] Compressed Oops: Enabled (Zero based)
[2025-02-22T18:25:01.507-0500][gc,init] Heap Region Size: 1M
[2025-02-22T18:25:01.507-0500][gc,init] Heap Min Capacity: 1G
[2025-02-22T18:25:01.507-0500][gc,init] Heap Initial Capacity: 1G
[2025-02-22T18:25:01.507-0500][gc,init] Heap Max Capacity: 1G
[2025-02-22T18:25:01.507-0500][gc,init] Pre-touch: Disabled
[2025-02-22T18:25:01.507-0500][gc,init] Parallel Workers: 8
[2025-02-22T18:25:01.507-0500][gc,init] Concurrent Workers: 2
[2025-02-22T18:25:01.507-0500][gc,init] Concurrent Refinement Workers: 8
[2025-02-22T18:25:01.507-0500][gc,init] Periodic GC: Disabled
[2025-02-22T18:25:01.511-0500][gc,metaspace] CDS archive(s) mapped at: [0x0000007000000000-0x0000007000c80000-0x0000007000c80000), size 13107200, SharedBaseAddress: 0x0000007000000000, ArchiveRelocationMode: 1.
[2025-02-22T18:25:01.511-0500][gc,metaspace] Compressed class space mapped at: 0x0000007001000000-0x0000007041000000, reserved size: 1073741824
[2025-02-22T18:25:01.511-0500][gc,metaspace] Narrow klass base: 0x0000007000000000, Narrow klass shift: 0, Narrow klass range: 0x100000000
[2025-02-22T18:25:02.106-0500][gc,start    ] GC(0) Pause Young (Normal) (G1 Evacuation Pause)
[2025-02-22T18:25:02.107-0500][gc,task     ] GC(0) Using 8 workers of 8 for evacuation
[2025-02-22T18:25:02.109-0500][gc,phases   ] GC(0)   Pre Evacuate Collection Set: 0.1ms
[2025-02-22T18:25:02.109-0500][gc,phases   ] GC(0)   Merge Heap Roots: 0.0ms
[2025-02-22T18:25:02.109-0500][gc,phases   ] GC(0)   Evacuate Collection Set: 2.3ms
[2025-02-22T18:25:02.109-0500][gc,phases   ] GC(0)   Post Evacuate Collection Set: 0.3ms
[2025-02-22T18:25:02.109-0500][gc,phases   ] GC(0)   Other: 0.2ms
[2025-02-22T18:25:02.109-0500][gc,heap     ] GC(0) Eden regions: 51->0(44)
[2025-02-22T18:25:02.110-0500][gc,heap     ] GC(0) Survivor regions: 0->7(7)
[2025-02-22T18:25:02.110-0500][gc,heap     ] GC(0) Old regions: 0->2
[2025-02-22T18:25:02.110-0500][gc,heap     ] GC(0) Archive regions: 2->2
[2025-02-22T18:25:02.110-0500][gc,heap     ] GC(0) Humongous regions: 0->0
[2025-02-22T18:25:02.110-0500][gc,metaspace] GC(0) Metaspace: 17691K(17920K)->17691K(17920K) NonClass: 15617K(15744K)->15617K(15744K) Class: 2074K(2176K)->2074K(2176K)
[2025-02-22T18:25:02.110-0500][gc          ] GC(0) Pause Young (Normal) (G1 Evacuation Pause) 52M->9M(1024M) 3.155ms
[2025-02-22T18:25:02.110-0500][gc,cpu      ] GC(0) User=0.01s Sys=0.00s Real=0.01s
[2025-02-22T18:25:02.205-0500][gc,start    ] GC(1) Pause Young (Concurrent Start) (Metadata GC Threshold)
[2025-02-22T18:25:02.205-0500][gc,task     ] GC(1) Using 8 workers of 8 for evacuation
[2025-02-22T18:25:02.208-0500][gc,phases   ] GC(1)   Pre Evacuate Collection Set: 0.1ms
[2025-02-22T18:25:02.208-0500][gc,phases   ] GC(1)   Merge Heap Roots: 0.0ms
[2025-02-22T18:25:02.208-0500][gc,phases   ] GC(1)   Evacuate Collection Set: 1.9ms
[2025-02-22T18:25:02.208-0500][gc,phases   ] GC(1)   Post Evacuate Collection Set: 0.2ms
[2025-02-22T18:25:02.208-0500][gc,phases   ] GC(1)   Other: 0.0ms
[2025-02-22T18:25:02.208-0500][gc,heap     ] GC(1) Eden regions: 15->0(50)
[2025-02-22T18:25:02.208-0500][gc,heap     ] GC(1) Survivor regions: 7->1(7)
[2025-02-22T18:25:02.208-0500][gc,heap     ] GC(1) Old regions: 2->9
[2025-02-22T18:25:02.208-0500][gc,heap     ] GC(1) Archive regions: 2->2
[2025-02-22T18:25:02.208-0500][gc,heap     ] GC(1) Humongous regions: 0->0
[2025-02-22T18:25:02.208-0500][gc,metaspace] GC(1) Metaspace: 21265K(21504K)->21265K(21504K) NonClass: 18754K(18880K)->18754K(18880K) Class: 2511K(2624K)->2511K(2624K)
[2025-02-22T18:25:02.208-0500][gc          ] GC(1) Pause Young (Concurrent Start) (Metadata GC Threshold) 24M->10M(1024M) 2.379ms
[2025-02-22T18:25:02.208-0500][gc          ] GC(2) Concurrent Mark Cycle
[2025-02-22T18:25:02.208-0500][gc,cpu      ] GC(1) User=0.01s Sys=0.00s Real=0.00s
[2025-02-22T18:25:02.208-0500][gc,marking  ] GC(2) Concurrent Scan Root Regions
[2025-02-22T18:25:02.209-0500][gc,marking  ] GC(2) Concurrent Scan Root Regions 1.108ms
[2025-02-22T18:25:02.209-0500][gc,marking  ] GC(2) Concurrent Mark
[2025-02-22T18:25:02.209-0500][gc,marking  ] GC(2) Concurrent Mark From Roots
[2025-02-22T18:25:02.209-0500][gc,task     ] GC(2) Using 2 workers of 2 for marking
[2025-02-22T18:25:02.210-0500][gc,marking  ] GC(2) Concurrent Mark From Roots 0.660ms
[2025-02-22T18:25:02.210-0500][gc,marking  ] GC(2) Concurrent Preclean
[2025-02-22T18:25:02.210-0500][gc,marking  ] GC(2) Concurrent Preclean 0.007ms
[2025-02-22T18:25:02.210-0500][gc,start    ] GC(2) Pause Remark
[2025-02-22T18:25:02.211-0500][gc          ] GC(2) Pause Remark 10M->10M(1024M) 0.955ms
[2025-02-22T18:25:02.211-0500][gc,cpu      ] GC(2) User=0.00s Sys=0.00s Real=0.00s
[2025-02-22T18:25:02.211-0500][gc,marking  ] GC(2) Concurrent Mark 1.799ms
[2025-02-22T18:25:02.211-0500][gc,marking  ] GC(2) Concurrent Rebuild Remembered Sets and Scrub Regions
[2025-02-22T18:25:02.212-0500][gc,marking  ] GC(2) Concurrent Rebuild Remembered Sets and Scrub Regions 1.341ms
[2025-02-22T18:25:02.212-0500][gc,start    ] GC(2) Pause Cleanup
[2025-02-22T18:25:02.212-0500][gc          ] GC(2) Pause Cleanup 10M->10M(1024M) 0.069ms
[2025-02-22T18:25:02.212-0500][gc,cpu      ] GC(2) User=0.00s Sys=0.00s Real=0.00s
[2025-02-22T18:25:02.212-0500][gc,marking  ] GC(2) Concurrent Clear Claimed Marks
[2025-02-22T18:25:02.212-0500][gc,marking  ] GC(2) Concurrent Clear Claimed Marks 0.009ms
[2025-02-22T18:25:02.212-0500][gc,marking  ] GC(2) Concurrent Cleanup for Next Mark
[2025-02-22T18:25:02.214-0500][gc,marking  ] GC(2) Concurrent Cleanup for Next Mark 1.306ms
[2025-02-22T18:25:02.214-0500][gc          ] GC(2) Concurrent Mark Cycle 5.827ms
[2025-02-22T18:25:02.529-0500][gc,start    ] GC(3) Pause Young (Normal) (G1 Evacuation Pause)
[2025-02-22T18:25:02.529-0500][gc,task     ] GC(3) Using 8 workers of 8 for evacuation
[2025-02-22T18:25:02.531-0500][gc,phases   ] GC(3)   Pre Evacuate Collection Set: 0.1ms
[2025-02-22T18:25:02.531-0500][gc,phases   ] GC(3)   Merge Heap Roots: 0.0ms
[2025-02-22T18:25:02.531-0500][gc,phases   ] GC(3)   Evacuate Collection Set: 2.0ms
[2025-02-22T18:25:02.531-0500][gc,phases   ] GC(3)   Post Evacuate Collection Set: 0.2ms
[2025-02-22T18:25:02.531-0500][gc,phases   ] GC(3)   Other: 0.0ms
[2025-02-22T18:25:02.531-0500][gc,heap     ] GC(3) Eden regions: 50->0(44)
[2025-02-22T18:25:02.531-0500][gc,heap     ] GC(3) Survivor regions: 1->7(7)
[2025-02-22T18:25:02.531-0500][gc,heap     ] GC(3) Old regions: 9->9
[2025-02-22T18:25:02.531-0500][gc,heap     ] GC(3) Archive regions: 2->2
[2025-02-22T18:25:02.531-0500][gc,heap     ] GC(3) Humongous regions: 129->129
[2025-02-22T18:25:02.531-0500][gc,metaspace] GC(3) Metaspace: 33077K(33408K)->33077K(33408K) NonClass: 29493K(29696K)->29493K(29696K) Class: 3583K(3712K)->3583K(3712K)
[2025-02-22T18:25:02.531-0500][gc          ] GC(3) Pause Young (Normal) (G1 Evacuation Pause) 189M->144M(1024M) 2.477ms
[2025-02-22T18:25:02.531-0500][gc,cpu      ] GC(3) User=0.02s Sys=0.00s Real=0.01s
[2025-02-22T18:25:02.572-0500][gc,start    ] GC(4) Pause Young (Concurrent Start) (Metadata GC Threshold)
[2025-02-22T18:25:02.572-0500][gc,task     ] GC(4) Using 8 workers of 8 for evacuation
[2025-02-22T18:25:02.574-0500][gc,phases   ] GC(4)   Pre Evacuate Collection Set: 0.2ms
[2025-02-22T18:25:02.574-0500][gc,phases   ] GC(4)   Merge Heap Roots: 0.0ms
[2025-02-22T18:25:02.574-0500][gc,phases   ] GC(4)   Evacuate Collection Set: 2.3ms
[2025-02-22T18:25:02.575-0500][gc,phases   ] GC(4)   Post Evacuate Collection Set: 0.2ms
[2025-02-22T18:25:02.575-0500][gc,phases   ] GC(4)   Other: 0.0ms
[2025-02-22T18:25:02.575-0500][gc,heap     ] GC(4) Eden regions: 11->0(50)
[2025-02-22T18:25:02.575-0500][gc,heap     ] GC(4) Survivor regions: 7->1(7)
[2025-02-22T18:25:02.575-0500][gc,heap     ] GC(4) Old regions: 9->14
[2025-02-22T18:25:02.575-0500][gc,heap     ] GC(4) Archive regions: 2->2
[2025-02-22T18:25:02.575-0500][gc,heap     ] GC(4) Humongous regions: 129->129
[2025-02-22T18:25:02.575-0500][gc,metaspace] GC(4) Metaspace: 35661K(35968K)->35661K(35968K) NonClass: 31777K(32000K)->31777K(32000K) Class: 3883K(3968K)->3883K(3968K)
[2025-02-22T18:25:02.575-0500][gc          ] GC(4) Pause Young (Concurrent Start) (Metadata GC Threshold) 155M->145M(1024M) 2.808ms
[2025-02-22T18:25:02.575-0500][gc          ] GC(5) Concurrent Mark Cycle
[2025-02-22T18:25:02.575-0500][gc,cpu      ] GC(4) User=0.02s Sys=0.00s Real=0.00s
[2025-02-22T18:25:02.575-0500][gc,marking  ] GC(5) Concurrent Scan Root Regions
[2025-02-22T18:25:02.576-0500][gc,marking  ] GC(5) Concurrent Scan Root Regions 1.623ms
[2025-02-22T18:25:02.576-0500][gc,marking  ] GC(5) Concurrent Mark
[2025-02-22T18:25:02.576-0500][gc,marking  ] GC(5) Concurrent Mark From Roots
[2025-02-22T18:25:02.576-0500][gc,task     ] GC(5) Using 2 workers of 2 for marking
[2025-02-22T18:25:02.579-0500][gc,marking  ] GC(5) Concurrent Mark From Roots 2.591ms
[2025-02-22T18:25:02.579-0500][gc,marking  ] GC(5) Concurrent Preclean
[2025-02-22T18:25:02.579-0500][gc,marking  ] GC(5) Concurrent Preclean 0.026ms
[2025-02-22T18:25:02.579-0500][gc,start    ] GC(5) Pause Remark
[2025-02-22T18:25:02.580-0500][gc          ] GC(5) Pause Remark 146M->146M(1024M) 0.835ms
[2025-02-22T18:25:02.580-0500][gc,cpu      ] GC(5) User=0.00s Sys=0.00s Real=0.01s
[2025-02-22T18:25:02.580-0500][gc,marking  ] GC(5) Concurrent Mark 3.557ms
[2025-02-22T18:25:02.580-0500][gc,marking  ] GC(5) Concurrent Rebuild Remembered Sets and Scrub Regions
[2025-02-22T18:25:02.582-0500][gc,marking  ] GC(5) Concurrent Rebuild Remembered Sets and Scrub Regions 2.250ms
[2025-02-22T18:25:02.582-0500][gc,start    ] GC(5) Pause Cleanup
[2025-02-22T18:25:02.582-0500][gc          ] GC(5) Pause Cleanup 146M->146M(1024M) 0.087ms
[2025-02-22T18:25:02.582-0500][gc,cpu      ] GC(5) User=0.00s Sys=0.00s Real=0.00s
[2025-02-22T18:25:02.582-0500][gc,marking  ] GC(5) Concurrent Clear Claimed Marks
[2025-02-22T18:25:02.582-0500][gc,marking  ] GC(5) Concurrent Clear Claimed Marks 0.018ms
[2025-02-22T18:25:02.582-0500][gc,marking  ] GC(5) Concurrent Cleanup for Next Mark
[2025-02-22T18:25:02.583-0500][gc,marking  ] GC(5) Concurrent Cleanup for Next Mark 0.987ms
[2025-02-22T18:25:02.583-0500][gc          ] GC(5) Concurrent Mark Cycle 8.701ms
