[2025-02-22T18:14:48.909-0500][gc,init] CardTable entry size: 512
[2025-02-22T18:14:48.909-0500][gc     ] Using G1
[2025-02-22T18:14:48.911-0500][gc,init] Version: 20.0.2+9 (release)
[2025-02-22T18:14:48.911-0500][gc,init] CPUs: 8 total, 8 available
[2025-02-22T18:14:48.911-0500][gc,init] Memory: 16384M
[2025-02-22T18:14:48.911-0500][gc,init] Large Page Support: Disabled
[2025-02-22T18:14:48.911-0500][gc,init] NUMA Support: Disabled
[2025-02-22T18:14:48.911-0500][gc,init] Compressed Oops: Enabled (Zero based)
[2025-02-22T18:14:48.911-0500][gc,init] Heap Region Size: 1M
[2025-02-22T18:14:48.911-0500][gc,init] Heap Min Capacity: 1G
[2025-02-22T18:14:48.911-0500][gc,init] Heap Initial Capacity: 1G
[2025-02-22T18:14:48.911-0500][gc,init] Heap Max Capacity: 1G
[2025-02-22T18:14:48.911-0500][gc,init] Pre-touch: Disabled
[2025-02-22T18:14:48.911-0500][gc,init] Parallel Workers: 8
[2025-02-22T18:14:48.911-0500][gc,init] Concurrent Workers: 2
[2025-02-22T18:14:48.911-0500][gc,init] Concurrent Refinement Workers: 8
[2025-02-22T18:14:48.911-0500][gc,init] Periodic GC: Disabled
[2025-02-22T18:14:48.914-0500][gc,metaspace] CDS archive(s) mapped at: [0x0000008000000000-0x0000008000c80000-0x0000008000c80000), size 13107200, SharedBaseAddress: 0x0000008000000000, ArchiveRelocationMode: 1.
[2025-02-22T18:14:48.914-0500][gc,metaspace] Compressed class space mapped at: 0x0000008001000000-0x0000008041000000, reserved size: 1073741824
[2025-02-22T18:14:48.914-0500][gc,metaspace] Narrow klass base: 0x0000008000000000, Narrow klass shift: 0, Narrow klass range: 0x100000000
[2025-02-22T18:14:49.557-0500][gc,start    ] GC(0) Pause Young (Normal) (G1 Evacuation Pause)
[2025-02-22T18:14:49.557-0500][gc,task     ] GC(0) Using 8 workers of 8 for evacuation
[2025-02-22T18:14:49.560-0500][gc,phases   ] GC(0)   Pre Evacuate Collection Set: 0.1ms
[2025-02-22T18:14:49.560-0500][gc,phases   ] GC(0)   Merge Heap Roots: 0.0ms
[2025-02-22T18:14:49.560-0500][gc,phases   ] GC(0)   Evacuate Collection Set: 2.6ms
[2025-02-22T18:14:49.560-0500][gc,phases   ] GC(0)   Post Evacuate Collection Set: 0.3ms
[2025-02-22T18:14:49.560-0500][gc,phases   ] GC(0)   Other: 0.2ms
[2025-02-22T18:14:49.560-0500][gc,heap     ] GC(0) Eden regions: 51->0(44)
[2025-02-22T18:14:49.560-0500][gc,heap     ] GC(0) Survivor regions: 0->7(7)
[2025-02-22T18:14:49.560-0500][gc,heap     ] GC(0) Old regions: 0->1
[2025-02-22T18:14:49.560-0500][gc,heap     ] GC(0) Archive regions: 2->2
[2025-02-22T18:14:49.560-0500][gc,heap     ] GC(0) Humongous regions: 0->0
[2025-02-22T18:14:49.560-0500][gc,metaspace] GC(0) Metaspace: 17724K(17920K)->17724K(17920K) NonClass: 15648K(15744K)->15648K(15744K) Class: 2076K(2176K)->2076K(2176K)
[2025-02-22T18:14:49.560-0500][gc          ] GC(0) Pause Young (Normal) (G1 Evacuation Pause) 52M->8M(1024M) 3.337ms
[2025-02-22T18:14:49.560-0500][gc,cpu      ] GC(0) User=0.01s Sys=0.00s Real=0.01s
[2025-02-22T18:14:49.685-0500][gc,start    ] GC(1) Pause Young (Concurrent Start) (Metadata GC Threshold)
[2025-02-22T18:14:49.685-0500][gc,task     ] GC(1) Using 8 workers of 8 for evacuation
[2025-02-22T18:14:49.688-0500][gc,phases   ] GC(1)   Pre Evacuate Collection Set: 0.2ms
[2025-02-22T18:14:49.688-0500][gc,phases   ] GC(1)   Merge Heap Roots: 0.0ms
[2025-02-22T18:14:49.688-0500][gc,phases   ] GC(1)   Evacuate Collection Set: 2.3ms
[2025-02-22T18:14:49.688-0500][gc,phases   ] GC(1)   Post Evacuate Collection Set: 0.2ms
[2025-02-22T18:14:49.688-0500][gc,phases   ] GC(1)   Other: 0.0ms
[2025-02-22T18:14:49.688-0500][gc,heap     ] GC(1) Eden regions: 15->0(49)
[2025-02-22T18:14:49.688-0500][gc,heap     ] GC(1) Survivor regions: 7->2(7)
[2025-02-22T18:14:49.688-0500][gc,heap     ] GC(1) Old regions: 1->9
[2025-02-22T18:14:49.688-0500][gc,heap     ] GC(1) Archive regions: 2->2
[2025-02-22T18:14:49.688-0500][gc,heap     ] GC(1) Humongous regions: 0->0
[2025-02-22T18:14:49.688-0500][gc,metaspace] GC(1) Metaspace: 21268K(21504K)->21268K(21504K) NonClass: 18758K(18880K)->18758K(18880K) Class: 2509K(2624K)->2509K(2624K)
[2025-02-22T18:14:49.688-0500][gc          ] GC(1) Pause Young (Concurrent Start) (Metadata GC Threshold) 23M->10M(1024M) 2.773ms
[2025-02-22T18:14:49.688-0500][gc,cpu      ] GC(1) User=0.01s Sys=0.00s Real=0.00s
[2025-02-22T18:14:49.688-0500][gc          ] GC(2) Concurrent Mark Cycle
[2025-02-22T18:14:49.688-0500][gc,marking  ] GC(2) Concurrent Scan Root Regions
[2025-02-22T18:14:49.689-0500][gc,marking  ] GC(2) Concurrent Scan Root Regions 1.200ms
[2025-02-22T18:14:49.689-0500][gc,marking  ] GC(2) Concurrent Mark
[2025-02-22T18:14:49.689-0500][gc,marking  ] GC(2) Concurrent Mark From Roots
[2025-02-22T18:14:49.689-0500][gc,task     ] GC(2) Using 2 workers of 2 for marking
[2025-02-22T18:14:49.690-0500][gc,marking  ] GC(2) Concurrent Mark From Roots 0.640ms
[2025-02-22T18:14:49.690-0500][gc,marking  ] GC(2) Concurrent Preclean
[2025-02-22T18:14:49.690-0500][gc,marking  ] GC(2) Concurrent Preclean 0.005ms
[2025-02-22T18:14:49.690-0500][gc,start    ] GC(2) Pause Remark
[2025-02-22T18:14:49.691-0500][gc          ] GC(2) Pause Remark 11M->11M(1024M) 0.839ms
[2025-02-22T18:14:49.691-0500][gc,cpu      ] GC(2) User=0.00s Sys=0.00s Real=0.00s
[2025-02-22T18:14:49.691-0500][gc,marking  ] GC(2) Concurrent Mark 1.760ms
[2025-02-22T18:14:49.691-0500][gc,marking  ] GC(2) Concurrent Rebuild Remembered Sets and Scrub Regions
[2025-02-22T18:14:49.692-0500][gc,marking  ] GC(2) Concurrent Rebuild Remembered Sets and Scrub Regions 1.093ms
[2025-02-22T18:14:49.692-0500][gc,start    ] GC(2) Pause Cleanup
[2025-02-22T18:14:49.692-0500][gc          ] GC(2) Pause Cleanup 11M->11M(1024M) 0.042ms
[2025-02-22T18:14:49.692-0500][gc,cpu      ] GC(2) User=0.00s Sys=0.00s Real=0.00s
[2025-02-22T18:14:49.692-0500][gc,marking  ] GC(2) Concurrent Clear Claimed Marks
[2025-02-22T18:14:49.692-0500][gc,marking  ] GC(2) Concurrent Clear Claimed Marks 0.010ms
[2025-02-22T18:14:49.692-0500][gc,marking  ] GC(2) Concurrent Cleanup for Next Mark
[2025-02-22T18:14:49.693-0500][gc,marking  ] GC(2) Concurrent Cleanup for Next Mark 1.118ms
[2025-02-22T18:14:49.693-0500][gc          ] GC(2) Concurrent Mark Cycle 5.390ms
[2025-02-22T18:14:50.003-0500][gc,start    ] GC(3) Pause Young (Normal) (G1 Evacuation Pause)
[2025-02-22T18:14:50.003-0500][gc,task     ] GC(3) Using 8 workers of 8 for evacuation
[2025-02-22T18:14:50.005-0500][gc,phases   ] GC(3)   Pre Evacuate Collection Set: 0.1ms
[2025-02-22T18:14:50.005-0500][gc,phases   ] GC(3)   Merge Heap Roots: 0.0ms
[2025-02-22T18:14:50.005-0500][gc,phases   ] GC(3)   Evacuate Collection Set: 2.2ms
[2025-02-22T18:14:50.005-0500][gc,phases   ] GC(3)   Post Evacuate Collection Set: 0.2ms
[2025-02-22T18:14:50.005-0500][gc,phases   ] GC(3)   Other: 0.0ms
[2025-02-22T18:14:50.005-0500][gc,heap     ] GC(3) Eden regions: 49->0(44)
[2025-02-22T18:14:50.005-0500][gc,heap     ] GC(3) Survivor regions: 2->7(7)
[2025-02-22T18:14:50.005-0500][gc,heap     ] GC(3) Old regions: 9->9
[2025-02-22T18:14:50.005-0500][gc,heap     ] GC(3) Archive regions: 2->2
[2025-02-22T18:14:50.005-0500][gc,heap     ] GC(3) Humongous regions: 129->129
[2025-02-22T18:14:50.005-0500][gc,metaspace] GC(3) Metaspace: 32590K(32832K)->32590K(32832K) NonClass: 29060K(29184K)->29060K(29184K) Class: 3529K(3648K)->3529K(3648K)
[2025-02-22T18:14:50.005-0500][gc          ] GC(3) Pause Young (Normal) (G1 Evacuation Pause) 188M->144M(1024M) 2.671ms
[2025-02-22T18:14:50.005-0500][gc,cpu      ] GC(3) User=0.01s Sys=0.00s Real=0.00s
[2025-02-22T18:14:50.062-0500][gc,start    ] GC(4) Pause Young (Concurrent Start) (Metadata GC Threshold)
[2025-02-22T18:14:50.062-0500][gc,task     ] GC(4) Using 8 workers of 8 for evacuation
[2025-02-22T18:14:50.065-0500][gc,phases   ] GC(4)   Pre Evacuate Collection Set: 0.2ms
[2025-02-22T18:14:50.065-0500][gc,phases   ] GC(4)   Merge Heap Roots: 0.0ms
[2025-02-22T18:14:50.065-0500][gc,phases   ] GC(4)   Evacuate Collection Set: 2.4ms
[2025-02-22T18:14:50.065-0500][gc,phases   ] GC(4)   Post Evacuate Collection Set: 0.2ms
[2025-02-22T18:14:50.065-0500][gc,phases   ] GC(4)   Other: 0.0ms
[2025-02-22T18:14:50.065-0500][gc,heap     ] GC(4) Eden regions: 14->0(49)
[2025-02-22T18:14:50.065-0500][gc,heap     ] GC(4) Survivor regions: 7->2(7)
[2025-02-22T18:14:50.065-0500][gc,heap     ] GC(4) Old regions: 9->15
[2025-02-22T18:14:50.065-0500][gc,heap     ] GC(4) Archive regions: 2->2
[2025-02-22T18:14:50.065-0500][gc,heap     ] GC(4) Humongous regions: 129->129
[2025-02-22T18:14:50.065-0500][gc,metaspace] GC(4) Metaspace: 35755K(35968K)->35755K(35968K) NonClass: 31861K(32000K)->31861K(32000K) Class: 3893K(3968K)->3893K(3968K)
[2025-02-22T18:14:50.065-0500][gc          ] GC(4) Pause Young (Concurrent Start) (Metadata GC Threshold) 157M->145M(1024M) 3.440ms
[2025-02-22T18:14:50.065-0500][gc          ] GC(5) Concurrent Mark Cycle
[2025-02-22T18:14:50.065-0500][gc,cpu      ] GC(4) User=0.02s Sys=0.00s Real=0.00s
[2025-02-22T18:14:50.065-0500][gc,marking  ] GC(5) Concurrent Scan Root Regions
[2025-02-22T18:14:50.067-0500][gc,marking  ] GC(5) Concurrent Scan Root Regions 1.722ms
[2025-02-22T18:14:50.067-0500][gc,marking  ] GC(5) Concurrent Mark
[2025-02-22T18:14:50.067-0500][gc,marking  ] GC(5) Concurrent Mark From Roots
[2025-02-22T18:14:50.067-0500][gc,task     ] GC(5) Using 2 workers of 2 for marking
[2025-02-22T18:14:50.070-0500][gc,marking  ] GC(5) Concurrent Mark From Roots 3.114ms
[2025-02-22T18:14:50.070-0500][gc,marking  ] GC(5) Concurrent Preclean
[2025-02-22T18:14:50.070-0500][gc,marking  ] GC(5) Concurrent Preclean 0.043ms
[2025-02-22T18:14:50.071-0500][gc,start    ] GC(5) Pause Remark
[2025-02-22T18:14:50.072-0500][gc          ] GC(5) Pause Remark 147M->147M(1024M) 1.132ms
[2025-02-22T18:14:50.072-0500][gc,cpu      ] GC(5) User=0.01s Sys=0.00s Real=0.00s
[2025-02-22T18:14:50.072-0500][gc,marking  ] GC(5) Concurrent Mark 4.590ms
[2025-02-22T18:14:50.072-0500][gc,marking  ] GC(5) Concurrent Rebuild Remembered Sets and Scrub Regions
[2025-02-22T18:14:50.075-0500][gc,marking  ] GC(5) Concurrent Rebuild Remembered Sets and Scrub Regions 3.311ms
[2025-02-22T18:14:50.076-0500][gc,start    ] GC(5) Pause Cleanup
[2025-02-22T18:14:50.076-0500][gc          ] GC(5) Pause Cleanup 147M->147M(1024M) 0.484ms
[2025-02-22T18:14:50.076-0500][gc,cpu      ] GC(5) User=0.00s Sys=0.00s Real=0.00s
[2025-02-22T18:14:50.077-0500][gc,marking  ] GC(5) Concurrent Clear Claimed Marks
[2025-02-22T18:14:50.077-0500][gc,marking  ] GC(5) Concurrent Clear Claimed Marks 0.021ms
[2025-02-22T18:14:50.077-0500][gc,marking  ] GC(5) Concurrent Cleanup for Next Mark
[2025-02-22T18:14:50.078-0500][gc,marking  ] GC(5) Concurrent Cleanup for Next Mark 0.993ms
[2025-02-22T18:14:50.083-0500][gc          ] GC(5) Concurrent Mark Cycle 18.009ms
[2025-02-22T18:14:50.271-0500][gc,heap,exit] Heap
[2025-02-22T18:14:50.271-0500][gc,heap,exit]  garbage-first heap   total 1048576K, used 164298K [0x00000007c0000000, 0x0000000800000000)
[2025-02-22T18:14:50.271-0500][gc,heap,exit]   region size 1024K, 17 young (17408K), 2 survivors (2048K)
[2025-02-22T18:14:50.271-0500][gc,heap,exit]  Metaspace       used 37609K, committed 37952K, reserved 1114112K
[2025-02-22T18:14:50.271-0500][gc,heap,exit]   class space    used 4199K, committed 4352K, reserved 1048576K
