[2025-02-22T18:21:04.637-0500][gc,init] CardTable entry size: 512
[2025-02-22T18:21:04.638-0500][gc     ] Using G1
[2025-02-22T18:21:04.639-0500][gc,init] Version: 20.0.2+9 (release)
[2025-02-22T18:21:04.639-0500][gc,init] CPUs: 8 total, 8 available
[2025-02-22T18:21:04.639-0500][gc,init] Memory: 16384M
[2025-02-22T18:21:04.639-0500][gc,init] Large Page Support: Disabled
[2025-02-22T18:21:04.639-0500][gc,init] NUMA Support: Disabled
[2025-02-22T18:21:04.639-0500][gc,init] Compressed Oops: Enabled (Zero based)
[2025-02-22T18:21:04.639-0500][gc,init] Heap Region Size: 1M
[2025-02-22T18:21:04.639-0500][gc,init] Heap Min Capacity: 1G
[2025-02-22T18:21:04.639-0500][gc,init] Heap Initial Capacity: 1G
[2025-02-22T18:21:04.639-0500][gc,init] Heap Max Capacity: 1G
[2025-02-22T18:21:04.639-0500][gc,init] Pre-touch: Disabled
[2025-02-22T18:21:04.639-0500][gc,init] Parallel Workers: 8
[2025-02-22T18:21:04.639-0500][gc,init] Concurrent Workers: 2
[2025-02-22T18:21:04.639-0500][gc,init] Concurrent Refinement Workers: 8
[2025-02-22T18:21:04.639-0500][gc,init] Periodic GC: Disabled
[2025-02-22T18:21:04.642-0500][gc,metaspace] CDS archive(s) mapped at: [0x000000b000000000-0x000000b000c80000-0x000000b000c80000), size 13107200, SharedBaseAddress: 0x000000b000000000, ArchiveRelocationMode: 1.
[2025-02-22T18:21:04.642-0500][gc,metaspace] Compressed class space mapped at: 0x000000b001000000-0x000000b041000000, reserved size: 1073741824
[2025-02-22T18:21:04.642-0500][gc,metaspace] Narrow klass base: 0x000000b000000000, Narrow klass shift: 0, Narrow klass range: 0x100000000
[2025-02-22T18:21:05.174-0500][gc,start    ] GC(0) Pause Young (Normal) (G1 Evacuation Pause)
[2025-02-22T18:21:05.175-0500][gc,task     ] GC(0) Using 8 workers of 8 for evacuation
[2025-02-22T18:21:05.178-0500][gc,phases   ] GC(0)   Pre Evacuate Collection Set: 0.1ms
[2025-02-22T18:21:05.178-0500][gc,phases   ] GC(0)   Merge Heap Roots: 0.2ms
[2025-02-22T18:21:05.178-0500][gc,phases   ] GC(0)   Evacuate Collection Set: 2.3ms
[2025-02-22T18:21:05.178-0500][gc,phases   ] GC(0)   Post Evacuate Collection Set: 0.3ms
[2025-02-22T18:21:05.178-0500][gc,phases   ] GC(0)   Other: 0.2ms
[2025-02-22T18:21:05.178-0500][gc,heap     ] GC(0) Eden regions: 51->0(44)
[2025-02-22T18:21:05.178-0500][gc,heap     ] GC(0) Survivor regions: 0->7(7)
[2025-02-22T18:21:05.178-0500][gc,heap     ] GC(0) Old regions: 0->2
[2025-02-22T18:21:05.178-0500][gc,heap     ] GC(0) Archive regions: 2->2
[2025-02-22T18:21:05.178-0500][gc,heap     ] GC(0) Humongous regions: 0->0
[2025-02-22T18:21:05.178-0500][gc,metaspace] GC(0) Metaspace: 17763K(18048K)->17763K(18048K) NonClass: 15797K(15936K)->15797K(15936K) Class: 1965K(2112K)->1965K(2112K)
[2025-02-22T18:21:05.178-0500][gc          ] GC(0) Pause Young (Normal) (G1 Evacuation Pause) 52M->9M(1024M) 3.477ms
[2025-02-22T18:21:05.178-0500][gc,cpu      ] GC(0) User=0.01s Sys=0.01s Real=0.00s
[2025-02-22T18:21:05.233-0500][gc,start    ] GC(1) Pause Young (Concurrent Start) (Metadata GC Threshold)
[2025-02-22T18:21:05.233-0500][gc,task     ] GC(1) Using 8 workers of 8 for evacuation
[2025-02-22T18:21:05.235-0500][gc,phases   ] GC(1)   Pre Evacuate Collection Set: 0.1ms
[2025-02-22T18:21:05.235-0500][gc,phases   ] GC(1)   Merge Heap Roots: 0.0ms
[2025-02-22T18:21:05.235-0500][gc,phases   ] GC(1)   Evacuate Collection Set: 2.0ms
[2025-02-22T18:21:05.235-0500][gc,phases   ] GC(1)   Post Evacuate Collection Set: 0.1ms
[2025-02-22T18:21:05.235-0500][gc,phases   ] GC(1)   Other: 0.0ms
[2025-02-22T18:21:05.235-0500][gc,heap     ] GC(1) Eden regions: 12->0(49)
[2025-02-22T18:21:05.235-0500][gc,heap     ] GC(1) Survivor regions: 7->2(7)
[2025-02-22T18:21:05.235-0500][gc,heap     ] GC(1) Old regions: 2->9
[2025-02-22T18:21:05.235-0500][gc,heap     ] GC(1) Archive regions: 2->2
[2025-02-22T18:21:05.235-0500][gc,heap     ] GC(1) Humongous regions: 0->0
[2025-02-22T18:21:05.235-0500][gc,metaspace] GC(1) Metaspace: 21275K(21504K)->21275K(21504K) NonClass: 19066K(19136K)->19066K(19136K) Class: 2209K(2368K)->2209K(2368K)
[2025-02-22T18:21:05.235-0500][gc          ] GC(1) Pause Young (Concurrent Start) (Metadata GC Threshold) 20M->10M(1024M) 2.480ms
[2025-02-22T18:21:05.235-0500][gc          ] GC(2) Concurrent Mark Cycle
[2025-02-22T18:21:05.235-0500][gc,cpu      ] GC(1) User=0.01s Sys=0.00s Real=0.00s
[2025-02-22T18:21:05.235-0500][gc,marking  ] GC(2) Concurrent Scan Root Regions
[2025-02-22T18:21:05.237-0500][gc,marking  ] GC(2) Concurrent Scan Root Regions 1.106ms
[2025-02-22T18:21:05.237-0500][gc,marking  ] GC(2) Concurrent Mark
[2025-02-22T18:21:05.237-0500][gc,marking  ] GC(2) Concurrent Mark From Roots
[2025-02-22T18:21:05.237-0500][gc,task     ] GC(2) Using 2 workers of 2 for marking
[2025-02-22T18:21:05.238-0500][gc,marking  ] GC(2) Concurrent Mark From Roots 0.996ms
[2025-02-22T18:21:05.238-0500][gc,marking  ] GC(2) Concurrent Preclean
[2025-02-22T18:21:05.238-0500][gc,marking  ] GC(2) Concurrent Preclean 0.006ms
[2025-02-22T18:21:05.238-0500][gc,start    ] GC(2) Pause Remark
[2025-02-22T18:21:05.239-0500][gc          ] GC(2) Pause Remark 11M->11M(1024M) 0.843ms
[2025-02-22T18:21:05.239-0500][gc,cpu      ] GC(2) User=0.00s Sys=0.00s Real=0.00s
[2025-02-22T18:21:05.239-0500][gc,marking  ] GC(2) Concurrent Mark 1.942ms
[2025-02-22T18:21:05.239-0500][gc,marking  ] GC(2) Concurrent Rebuild Remembered Sets and Scrub Regions
[2025-02-22T18:21:05.240-0500][gc,marking  ] GC(2) Concurrent Rebuild Remembered Sets and Scrub Regions 1.266ms
[2025-02-22T18:21:05.240-0500][gc,start    ] GC(2) Pause Cleanup
[2025-02-22T18:21:05.240-0500][gc          ] GC(2) Pause Cleanup 11M->11M(1024M) 0.051ms
[2025-02-22T18:21:05.240-0500][gc,cpu      ] GC(2) User=0.00s Sys=0.00s Real=0.00s
[2025-02-22T18:21:05.240-0500][gc,marking  ] GC(2) Concurrent Clear Claimed Marks
[2025-02-22T18:21:05.240-0500][gc,marking  ] GC(2) Concurrent Clear Claimed Marks 0.012ms
[2025-02-22T18:21:05.240-0500][gc,marking  ] GC(2) Concurrent Cleanup for Next Mark
[2025-02-22T18:21:05.241-0500][gc,marking  ] GC(2) Concurrent Cleanup for Next Mark 1.156ms
[2025-02-22T18:21:05.241-0500][gc          ] GC(2) Concurrent Mark Cycle 5.676ms
[2025-02-22T18:21:05.571-0500][gc,start    ] GC(3) Pause Young (Normal) (G1 Evacuation Pause)
[2025-02-22T18:21:05.571-0500][gc,task     ] GC(3) Using 8 workers of 8 for evacuation
[2025-02-22T18:21:05.573-0500][gc,phases   ] GC(3)   Pre Evacuate Collection Set: 0.1ms
[2025-02-22T18:21:05.573-0500][gc,phases   ] GC(3)   Merge Heap Roots: 0.0ms
[2025-02-22T18:21:05.573-0500][gc,phases   ] GC(3)   Evacuate Collection Set: 1.7ms
[2025-02-22T18:21:05.573-0500][gc,phases   ] GC(3)   Post Evacuate Collection Set: 0.2ms
[2025-02-22T18:21:05.573-0500][gc,phases   ] GC(3)   Other: 0.0ms
[2025-02-22T18:21:05.573-0500][gc,heap     ] GC(3) Eden regions: 49->0(46)
[2025-02-22T18:21:05.573-0500][gc,heap     ] GC(3) Survivor regions: 2->5(7)
[2025-02-22T18:21:05.573-0500][gc,heap     ] GC(3) Old regions: 9->9
[2025-02-22T18:21:05.573-0500][gc,heap     ] GC(3) Archive regions: 2->2
[2025-02-22T18:21:05.573-0500][gc,heap     ] GC(3) Humongous regions: 9->9
[2025-02-22T18:21:05.573-0500][gc,metaspace] GC(3) Metaspace: 32381K(32768K)->32381K(32768K) NonClass: 28839K(29056K)->28839K(29056K) Class: 3542K(3712K)->3542K(3712K)
[2025-02-22T18:21:05.573-0500][gc          ] GC(3) Pause Young (Normal) (G1 Evacuation Pause) 68M->23M(1024M) 2.192ms
[2025-02-22T18:21:05.573-0500][gc,cpu      ] GC(3) User=0.01s Sys=0.01s Real=0.00s
[2025-02-22T18:21:05.647-0500][gc,start    ] GC(4) Pause Young (Concurrent Start) (Metadata GC Threshold)
[2025-02-22T18:21:05.647-0500][gc,task     ] GC(4) Using 8 workers of 8 for evacuation
[2025-02-22T18:21:05.649-0500][gc,phases   ] GC(4)   Pre Evacuate Collection Set: 0.1ms
[2025-02-22T18:21:05.649-0500][gc,phases   ] GC(4)   Merge Heap Roots: 0.0ms
[2025-02-22T18:21:05.649-0500][gc,phases   ] GC(4)   Evacuate Collection Set: 2.5ms
[2025-02-22T18:21:05.649-0500][gc,phases   ] GC(4)   Post Evacuate Collection Set: 0.2ms
[2025-02-22T18:21:05.649-0500][gc,phases   ] GC(4)   Other: 0.0ms
[2025-02-22T18:21:05.649-0500][gc,heap     ] GC(4) Eden regions: 25->0(44)
[2025-02-22T18:21:05.649-0500][gc,heap     ] GC(4) Survivor regions: 5->7(7)
[2025-02-22T18:21:05.649-0500][gc,heap     ] GC(4) Old regions: 9->10
[2025-02-22T18:21:05.649-0500][gc,heap     ] GC(4) Archive regions: 2->2
[2025-02-22T18:21:05.649-0500][gc,heap     ] GC(4) Humongous regions: 9->9
[2025-02-22T18:21:05.649-0500][gc,metaspace] GC(4) Metaspace: 35832K(36096K)->35832K(36096K) NonClass: 31905K(32064K)->31905K(32064K) Class: 3926K(4032K)->3926K(4032K)
[2025-02-22T18:21:05.649-0500][gc          ] GC(4) Pause Young (Concurrent Start) (Metadata GC Threshold) 48M->26M(1024M) 2.943ms
[2025-02-22T18:21:05.649-0500][gc          ] GC(5) Concurrent Mark Cycle
[2025-02-22T18:21:05.649-0500][gc,cpu      ] GC(4) User=0.02s Sys=0.00s Real=0.00s
[2025-02-22T18:21:05.649-0500][gc,marking  ] GC(5) Concurrent Scan Root Regions
[2025-02-22T18:21:05.651-0500][gc,marking  ] GC(5) Concurrent Scan Root Regions 1.779ms
[2025-02-22T18:21:05.651-0500][gc,marking  ] GC(5) Concurrent Mark
[2025-02-22T18:21:05.651-0500][gc,marking  ] GC(5) Concurrent Mark From Roots
[2025-02-22T18:21:05.651-0500][gc,task     ] GC(5) Using 2 workers of 2 for marking
[2025-02-22T18:21:05.654-0500][gc,marking  ] GC(5) Concurrent Mark From Roots 2.664ms
[2025-02-22T18:21:05.654-0500][gc,marking  ] GC(5) Concurrent Preclean
[2025-02-22T18:21:05.654-0500][gc,marking  ] GC(5) Concurrent Preclean 0.021ms
[2025-02-22T18:21:05.654-0500][gc,start    ] GC(5) Pause Remark
[2025-02-22T18:21:05.655-0500][gc          ] GC(5) Pause Remark 27M->27M(1024M) 1.027ms
[2025-02-22T18:21:05.655-0500][gc,cpu      ] GC(5) User=0.00s Sys=0.00s Real=0.00s
[2025-02-22T18:21:05.655-0500][gc,marking  ] GC(5) Concurrent Mark 3.923ms
[2025-02-22T18:21:05.655-0500][gc,marking  ] GC(5) Concurrent Rebuild Remembered Sets and Scrub Regions
[2025-02-22T18:21:05.657-0500][gc,marking  ] GC(5) Concurrent Rebuild Remembered Sets and Scrub Regions 1.741ms
[2025-02-22T18:21:05.658-0500][gc,start    ] GC(5) Pause Cleanup
[2025-02-22T18:21:05.658-0500][gc          ] GC(5) Pause Cleanup 28M->28M(1024M) 0.073ms
[2025-02-22T18:21:05.658-0500][gc,cpu      ] GC(5) User=0.00s Sys=0.00s Real=0.00s
[2025-02-22T18:21:05.658-0500][gc,marking  ] GC(5) Concurrent Clear Claimed Marks
[2025-02-22T18:21:05.658-0500][gc,marking  ] GC(5) Concurrent Clear Claimed Marks 0.021ms
[2025-02-22T18:21:05.658-0500][gc,marking  ] GC(5) Concurrent Cleanup for Next Mark
[2025-02-22T18:21:05.659-0500][gc,marking  ] GC(5) Concurrent Cleanup for Next Mark 1.136ms
[2025-02-22T18:21:05.663-0500][gc          ] GC(5) Concurrent Mark Cycle 13.228ms
