[2025-02-22T18:06:59.507-0500][gc,init] CardTable entry size: 512
[2025-02-22T18:06:59.508-0500][gc     ] Using G1
[2025-02-22T18:06:59.509-0500][gc,init] Version: 20.0.2+9 (release)
[2025-02-22T18:06:59.509-0500][gc,init] CPUs: 8 total, 8 available
[2025-02-22T18:06:59.509-0500][gc,init] Memory: 16384M
[2025-02-22T18:06:59.509-0500][gc,init] Large Page Support: Disabled
[2025-02-22T18:06:59.509-0500][gc,init] NUMA Support: Disabled
[2025-02-22T18:06:59.509-0500][gc,init] Compressed Oops: Enabled (Zero based)
[2025-02-22T18:06:59.509-0500][gc,init] Heap Region Size: 1M
[2025-02-22T18:06:59.509-0500][gc,init] Heap Min Capacity: 1G
[2025-02-22T18:06:59.509-0500][gc,init] Heap Initial Capacity: 1G
[2025-02-22T18:06:59.509-0500][gc,init] Heap Max Capacity: 1G
[2025-02-22T18:06:59.509-0500][gc,init] Pre-touch: Disabled
[2025-02-22T18:06:59.509-0500][gc,init] Parallel Workers: 8
[2025-02-22T18:06:59.509-0500][gc,init] Concurrent Workers: 2
[2025-02-22T18:06:59.509-0500][gc,init] Concurrent Refinement Workers: 8
[2025-02-22T18:06:59.509-0500][gc,init] Periodic GC: Disabled
[2025-02-22T18:06:59.512-0500][gc,metaspace] CDS archive(s) mapped at: [0x0000007000000000-0x0000007000c80000-0x0000007000c80000), size 13107200, SharedBaseAddress: 0x0000007000000000, ArchiveRelocationMode: 1.
[2025-02-22T18:06:59.512-0500][gc,metaspace] Compressed class space mapped at: 0x0000007001000000-0x0000007041000000, reserved size: 1073741824
[2025-02-22T18:06:59.512-0500][gc,metaspace] Narrow klass base: 0x0000007000000000, Narrow klass shift: 0, Narrow klass range: 0x100000000
[2025-02-22T18:07:00.091-0500][gc,start    ] GC(0) Pause Young (Normal) (G1 Evacuation Pause)
[2025-02-22T18:07:00.092-0500][gc,task     ] GC(0) Using 8 workers of 8 for evacuation
[2025-02-22T18:07:00.095-0500][gc,phases   ] GC(0)   Pre Evacuate Collection Set: 0.1ms
[2025-02-22T18:07:00.095-0500][gc,phases   ] GC(0)   Merge Heap Roots: 0.0ms
[2025-02-22T18:07:00.095-0500][gc,phases   ] GC(0)   Evacuate Collection Set: 2.4ms
[2025-02-22T18:07:00.095-0500][gc,phases   ] GC(0)   Post Evacuate Collection Set: 0.3ms
[2025-02-22T18:07:00.095-0500][gc,phases   ] GC(0)   Other: 0.2ms
[2025-02-22T18:07:00.095-0500][gc,heap     ] GC(0) Eden regions: 51->0(44)
[2025-02-22T18:07:00.095-0500][gc,heap     ] GC(0) Survivor regions: 0->7(7)
[2025-02-22T18:07:00.095-0500][gc,heap     ] GC(0) Old regions: 0->2
[2025-02-22T18:07:00.095-0500][gc,heap     ] GC(0) Archive regions: 2->2
[2025-02-22T18:07:00.095-0500][gc,heap     ] GC(0) Humongous regions: 0->0
[2025-02-22T18:07:00.095-0500][gc,metaspace] GC(0) Metaspace: 17778K(18048K)->17778K(18048K) NonClass: 15813K(15936K)->15813K(15936K) Class: 1965K(2112K)->1965K(2112K)
[2025-02-22T18:07:00.095-0500][gc          ] GC(0) Pause Young (Normal) (G1 Evacuation Pause) 52M->9M(1024M) 3.263ms
[2025-02-22T18:07:00.095-0500][gc,cpu      ] GC(0) User=0.02s Sys=0.01s Real=0.00s
[2025-02-22T18:07:00.150-0500][gc,start    ] GC(1) Pause Young (Concurrent Start) (Metadata GC Threshold)
[2025-02-22T18:07:00.150-0500][gc,task     ] GC(1) Using 8 workers of 8 for evacuation
[2025-02-22T18:07:00.152-0500][gc,phases   ] GC(1)   Pre Evacuate Collection Set: 0.1ms
[2025-02-22T18:07:00.152-0500][gc,phases   ] GC(1)   Merge Heap Roots: 0.0ms
[2025-02-22T18:07:00.152-0500][gc,phases   ] GC(1)   Evacuate Collection Set: 1.9ms
[2025-02-22T18:07:00.152-0500][gc,phases   ] GC(1)   Post Evacuate Collection Set: 0.2ms
[2025-02-22T18:07:00.152-0500][gc,phases   ] GC(1)   Other: 0.0ms
[2025-02-22T18:07:00.152-0500][gc,heap     ] GC(1) Eden regions: 12->0(49)
[2025-02-22T18:07:00.152-0500][gc,heap     ] GC(1) Survivor regions: 7->2(7)
[2025-02-22T18:07:00.152-0500][gc,heap     ] GC(1) Old regions: 2->9
[2025-02-22T18:07:00.152-0500][gc,heap     ] GC(1) Archive regions: 2->2
[2025-02-22T18:07:00.152-0500][gc,heap     ] GC(1) Humongous regions: 0->0
[2025-02-22T18:07:00.152-0500][gc,metaspace] GC(1) Metaspace: 21274K(21504K)->21274K(21504K) NonClass: 19069K(19200K)->19069K(19200K) Class: 2204K(2304K)->2204K(2304K)
[2025-02-22T18:07:00.152-0500][gc          ] GC(1) Pause Young (Concurrent Start) (Metadata GC Threshold) 21M->10M(1024M) 2.391ms
[2025-02-22T18:07:00.152-0500][gc          ] GC(2) Concurrent Mark Cycle
[2025-02-22T18:07:00.152-0500][gc,cpu      ] GC(1) User=0.01s Sys=0.00s Real=0.01s
[2025-02-22T18:07:00.152-0500][gc,marking  ] GC(2) Concurrent Scan Root Regions
[2025-02-22T18:07:00.153-0500][gc,marking  ] GC(2) Concurrent Scan Root Regions 1.157ms
[2025-02-22T18:07:00.153-0500][gc,marking  ] GC(2) Concurrent Mark
[2025-02-22T18:07:00.153-0500][gc,marking  ] GC(2) Concurrent Mark From Roots
[2025-02-22T18:07:00.153-0500][gc,task     ] GC(2) Using 2 workers of 2 for marking
[2025-02-22T18:07:00.154-0500][gc,marking  ] GC(2) Concurrent Mark From Roots 0.898ms
[2025-02-22T18:07:00.154-0500][gc,marking  ] GC(2) Concurrent Preclean
[2025-02-22T18:07:00.154-0500][gc,marking  ] GC(2) Concurrent Preclean 0.006ms
[2025-02-22T18:07:00.154-0500][gc,start    ] GC(2) Pause Remark
[2025-02-22T18:07:00.155-0500][gc          ] GC(2) Pause Remark 11M->11M(1024M) 0.846ms
[2025-02-22T18:07:00.155-0500][gc,cpu      ] GC(2) User=0.01s Sys=0.00s Real=0.00s
[2025-02-22T18:07:00.155-0500][gc,marking  ] GC(2) Concurrent Mark 1.861ms
[2025-02-22T18:07:00.155-0500][gc,marking  ] GC(2) Concurrent Rebuild Remembered Sets and Scrub Regions
[2025-02-22T18:07:00.156-0500][gc,marking  ] GC(2) Concurrent Rebuild Remembered Sets and Scrub Regions 1.183ms
[2025-02-22T18:07:00.156-0500][gc,start    ] GC(2) Pause Cleanup
[2025-02-22T18:07:00.156-0500][gc          ] GC(2) Pause Cleanup 11M->11M(1024M) 0.059ms
[2025-02-22T18:07:00.156-0500][gc,cpu      ] GC(2) User=0.00s Sys=0.00s Real=0.00s
[2025-02-22T18:07:00.156-0500][gc,marking  ] GC(2) Concurrent Clear Claimed Marks
[2025-02-22T18:07:00.156-0500][gc,marking  ] GC(2) Concurrent Clear Claimed Marks 0.009ms
[2025-02-22T18:07:00.156-0500][gc,marking  ] GC(2) Concurrent Cleanup for Next Mark
[2025-02-22T18:07:00.157-0500][gc,marking  ] GC(2) Concurrent Cleanup for Next Mark 1.175ms
[2025-02-22T18:07:00.157-0500][gc          ] GC(2) Concurrent Mark Cycle 5.583ms
[2025-02-22T18:07:00.460-0500][gc,start    ] GC(3) Pause Young (Normal) (G1 Evacuation Pause)
[2025-02-22T18:07:00.460-0500][gc,task     ] GC(3) Using 8 workers of 8 for evacuation
[2025-02-22T18:07:00.463-0500][gc,phases   ] GC(3)   Pre Evacuate Collection Set: 0.1ms
[2025-02-22T18:07:00.463-0500][gc,phases   ] GC(3)   Merge Heap Roots: 0.0ms
[2025-02-22T18:07:00.463-0500][gc,phases   ] GC(3)   Evacuate Collection Set: 2.0ms
[2025-02-22T18:07:00.463-0500][gc,phases   ] GC(3)   Post Evacuate Collection Set: 0.2ms
[2025-02-22T18:07:00.463-0500][gc,phases   ] GC(3)   Other: 0.0ms
[2025-02-22T18:07:00.463-0500][gc,heap     ] GC(3) Eden regions: 49->0(47)
[2025-02-22T18:07:00.463-0500][gc,heap     ] GC(3) Survivor regions: 2->4(7)
[2025-02-22T18:07:00.463-0500][gc,heap     ] GC(3) Old regions: 9->9
[2025-02-22T18:07:00.463-0500][gc,heap     ] GC(3) Archive regions: 2->2
[2025-02-22T18:07:00.463-0500][gc,heap     ] GC(3) Humongous regions: 9->9
[2025-02-22T18:07:00.463-0500][gc,metaspace] GC(3) Metaspace: 32575K(32896K)->32575K(32896K) NonClass: 28989K(29184K)->28989K(29184K) Class: 3586K(3712K)->3586K(3712K)
[2025-02-22T18:07:00.463-0500][gc          ] GC(3) Pause Young (Normal) (G1 Evacuation Pause) 68M->22M(1024M) 2.556ms
[2025-02-22T18:07:00.463-0500][gc,cpu      ] GC(3) User=0.02s Sys=0.00s Real=0.00s
[2025-02-22T18:07:00.531-0500][gc,start    ] GC(4) Pause Young (Concurrent Start) (Metadata GC Threshold)
[2025-02-22T18:07:00.532-0500][gc,task     ] GC(4) Using 8 workers of 8 for evacuation
[2025-02-22T18:07:00.534-0500][gc,phases   ] GC(4)   Pre Evacuate Collection Set: 0.1ms
[2025-02-22T18:07:00.534-0500][gc,phases   ] GC(4)   Merge Heap Roots: 0.0ms
[2025-02-22T18:07:00.534-0500][gc,phases   ] GC(4)   Evacuate Collection Set: 2.2ms
[2025-02-22T18:07:00.534-0500][gc,phases   ] GC(4)   Post Evacuate Collection Set: 0.2ms
[2025-02-22T18:07:00.534-0500][gc,phases   ] GC(4)   Other: 0.0ms
[2025-02-22T18:07:00.534-0500][gc,heap     ] GC(4) Eden regions: 22->0(44)
[2025-02-22T18:07:00.534-0500][gc,heap     ] GC(4) Survivor regions: 4->7(7)
[2025-02-22T18:07:00.534-0500][gc,heap     ] GC(4) Old regions: 9->10
[2025-02-22T18:07:00.534-0500][gc,heap     ] GC(4) Archive regions: 2->2
[2025-02-22T18:07:00.534-0500][gc,heap     ] GC(4) Humongous regions: 9->9
[2025-02-22T18:07:00.534-0500][gc,metaspace] GC(4) Metaspace: 35826K(36096K)->35826K(36096K) NonClass: 31898K(32064K)->31898K(32064K) Class: 3927K(4032K)->3927K(4032K)
[2025-02-22T18:07:00.534-0500][gc          ] GC(4) Pause Young (Concurrent Start) (Metadata GC Threshold) 44M->26M(1024M) 2.776ms
[2025-02-22T18:07:00.534-0500][gc          ] GC(5) Concurrent Mark Cycle
[2025-02-22T18:07:00.534-0500][gc,cpu      ] GC(4) User=0.01s Sys=0.00s Real=0.00s
[2025-02-22T18:07:00.534-0500][gc,marking  ] GC(5) Concurrent Scan Root Regions
[2025-02-22T18:07:00.536-0500][gc,marking  ] GC(5) Concurrent Scan Root Regions 1.812ms
[2025-02-22T18:07:00.536-0500][gc,marking  ] GC(5) Concurrent Mark
[2025-02-22T18:07:00.536-0500][gc,marking  ] GC(5) Concurrent Mark From Roots
[2025-02-22T18:07:00.536-0500][gc,task     ] GC(5) Using 2 workers of 2 for marking
[2025-02-22T18:07:00.539-0500][gc,marking  ] GC(5) Concurrent Mark From Roots 2.681ms
[2025-02-22T18:07:00.539-0500][gc,marking  ] GC(5) Concurrent Preclean
[2025-02-22T18:07:00.539-0500][gc,marking  ] GC(5) Concurrent Preclean 0.021ms
[2025-02-22T18:07:00.539-0500][gc,start    ] GC(5) Pause Remark
[2025-02-22T18:07:00.540-0500][gc          ] GC(5) Pause Remark 27M->27M(1024M) 0.899ms
[2025-02-22T18:07:00.540-0500][gc,cpu      ] GC(5) User=0.01s Sys=0.00s Real=0.01s
[2025-02-22T18:07:00.540-0500][gc,marking  ] GC(5) Concurrent Mark 4.221ms
[2025-02-22T18:07:00.540-0500][gc,marking  ] GC(5) Concurrent Rebuild Remembered Sets and Scrub Regions
[2025-02-22T18:07:00.542-0500][gc,marking  ] GC(5) Concurrent Rebuild Remembered Sets and Scrub Regions 1.735ms
[2025-02-22T18:07:00.545-0500][gc,start    ] GC(5) Pause Cleanup
[2025-02-22T18:07:00.545-0500][gc          ] GC(5) Pause Cleanup 28M->28M(1024M) 0.082ms
[2025-02-22T18:07:00.545-0500][gc,cpu      ] GC(5) User=0.00s Sys=0.00s Real=0.00s
[2025-02-22T18:07:00.545-0500][gc,marking  ] GC(5) Concurrent Clear Claimed Marks
[2025-02-22T18:07:00.545-0500][gc,marking  ] GC(5) Concurrent Clear Claimed Marks 0.019ms
[2025-02-22T18:07:00.545-0500][gc,marking  ] GC(5) Concurrent Cleanup for Next Mark
[2025-02-22T18:07:00.546-0500][gc,marking  ] GC(5) Concurrent Cleanup for Next Mark 1.182ms
[2025-02-22T18:07:00.546-0500][gc          ] GC(5) Concurrent Mark Cycle 12.081ms
[2025-02-22T18:13:55.598-0500][gc,start    ] GC(6) Pause Young (Prepare Mixed) (G1 Evacuation Pause)
[2025-02-22T18:13:55.598-0500][gc,task     ] GC(6) Using 8 workers of 8 for evacuation
[2025-02-22T18:13:55.630-0500][gc,mmu      ] GC(6) MMU target violated: 21.0ms (20.0ms/21.0ms)
[2025-02-22T18:13:55.630-0500][gc,phases   ] GC(6)   Pre Evacuate Collection Set: 0.7ms
[2025-02-22T18:13:55.630-0500][gc,phases   ] GC(6)   Merge Heap Roots: 0.2ms
[2025-02-22T18:13:55.630-0500][gc,phases   ] GC(6)   Evacuate Collection Set: 30.6ms
[2025-02-22T18:13:55.630-0500][gc,phases   ] GC(6)   Post Evacuate Collection Set: 0.5ms
[2025-02-22T18:13:55.630-0500][gc,phases   ] GC(6)   Other: 0.2ms
[2025-02-22T18:13:55.630-0500][gc,heap     ] GC(6) Eden regions: 44->0(45)
[2025-02-22T18:13:55.630-0500][gc,heap     ] GC(6) Survivor regions: 7->6(7)
[2025-02-22T18:13:55.631-0500][gc,heap     ] GC(6) Old regions: 10->13
[2025-02-22T18:13:55.631-0500][gc,heap     ] GC(6) Archive regions: 2->2
[2025-02-22T18:13:55.631-0500][gc,heap     ] GC(6) Humongous regions: 138->138
[2025-02-22T18:13:55.631-0500][gc,metaspace] GC(6) Metaspace: 40082K(40512K)->40082K(40512K) NonClass: 35801K(36032K)->35801K(36032K) Class: 4281K(4480K)->4281K(4480K)
[2025-02-22T18:13:55.631-0500][gc          ] GC(6) Pause Young (Prepare Mixed) (G1 Evacuation Pause) 199M->156M(1024M) 32.890ms
[2025-02-22T18:13:55.631-0500][gc,cpu      ] GC(6) User=0.03s Sys=0.04s Real=0.04s
[2025-02-22T18:20:45.534-0500][gc,heap,exit] Heap
[2025-02-22T18:20:45.534-0500][gc,heap,exit]  garbage-first heap   total 1048576K, used 202772K [0x00000007c0000000, 0x0000000800000000)
[2025-02-22T18:20:45.534-0500][gc,heap,exit]   region size 1024K, 48 young (49152K), 6 survivors (6144K)
[2025-02-22T18:20:45.534-0500][gc,heap,exit]  Metaspace       used 41432K, committed 41920K, reserved 1114112K
[2025-02-22T18:20:45.534-0500][gc,heap,exit]   class space    used 4511K, committed 4736K, reserved 1048576K
